WARNING: A terminally deprecated method in sun.misc.Unsafe has been called
WARNING: sun.misc.Unsafe::objectFieldOffset has been called by org.openjdk.jmh.util.Utils (file:/private/tmp/java-stream-skew.V15Nmp/.deps/jmh-core-1.37.jar)
WARNING: Please consider reporting this to the maintainers of class org.openjdk.jmh.util.Utils
WARNING: sun.misc.Unsafe::objectFieldOffset will be removed in a future release
# JMH version: 1.37
# VM version: JDK 24.0.2, OpenJDK 64-Bit Server VM, 24.0.2+12-54
# VM invoker: /Users/jaehyeon/Library/Java/JavaVirtualMachines/openjdk-24.0.2/Contents/Home/bin/java
# VM options: -Xms512m -Xmx512m -Djava.util.concurrent.ForkJoinPool.common.parallelism=3
# Blackhole mode: compiler (auto-detected, use -Djmh.blackhole.autoDetect=false to disable)
# Warmup: 1 iterations, 200 ms each
# Measurement: 1 iterations, 200 ms each
# Timeout: 10 min per iteration
# Threads: 1 thread, will synchronize iterations
# Benchmark mode: Average time, time/op
# Benchmark: research.skew.AggregationBenchmark.parallelConcurrent
# Parameters: (cardinality = 256, distribution = uniform, seed = 20260929, size = 10000)

# Run progress: 0.00% complete, ETA 00:00:02
# Fork: 1 of 1
WARNING: A terminally deprecated method in sun.misc.Unsafe has been called
WARNING: sun.misc.Unsafe::objectFieldOffset has been called by org.openjdk.jmh.util.Utils (file:/private/tmp/java-stream-skew.V15Nmp/.deps/jmh-core-1.37.jar)
WARNING: Please consider reporting this to the maintainers of class org.openjdk.jmh.util.Utils
WARNING: sun.misc.Unsafe::objectFieldOffset will be removed in a future release
# Warmup Iteration   1: Input: n=10000, keys=256, observedHotFraction=0.004000, poolParallelism=3, availableProcessors=10
0.155 ms/op
Iteration   1: 0.142 ms/op
                 gc.alloc.rate:      1264.676 MB/sec
                 gc.alloc.rate.norm: 188028.691 B/op
                 gc.count:           1.000 counts
                 gc.time:            1.000 ms



Result "research.skew.AggregationBenchmark.parallelConcurrent":
  0.142 ms/op

Secondary result "research.skew.AggregationBenchmark.parallelConcurrent:gc.alloc.rate":
  1264.676 MB/sec

Secondary result "research.skew.AggregationBenchmark.parallelConcurrent:gc.alloc.rate.norm":
  188028.691 B/op

Secondary result "research.skew.AggregationBenchmark.parallelConcurrent:gc.count":
  1.000 counts

Secondary result "research.skew.AggregationBenchmark.parallelConcurrent:gc.time":
  1.000 ms


# JMH version: 1.37
# VM version: JDK 24.0.2, OpenJDK 64-Bit Server VM, 24.0.2+12-54
# VM invoker: /Users/jaehyeon/Library/Java/JavaVirtualMachines/openjdk-24.0.2/Contents/Home/bin/java
# VM options: -Xms512m -Xmx512m -Djava.util.concurrent.ForkJoinPool.common.parallelism=3
# Blackhole mode: compiler (auto-detected, use -Djmh.blackhole.autoDetect=false to disable)
# Warmup: 1 iterations, 200 ms each
# Measurement: 1 iterations, 200 ms each
# Timeout: 10 min per iteration
# Threads: 1 thread, will synchronize iterations
# Benchmark mode: Average time, time/op
# Benchmark: research.skew.AggregationBenchmark.parallelConcurrent
# Parameters: (cardinality = 256, distribution = hot90, seed = 20260929, size = 10000)

# Run progress: 16.67% complete, ETA 00:00:02
# Fork: 1 of 1
WARNING: A terminally deprecated method in sun.misc.Unsafe has been called
WARNING: sun.misc.Unsafe::objectFieldOffset has been called by org.openjdk.jmh.util.Utils (file:/private/tmp/java-stream-skew.V15Nmp/.deps/jmh-core-1.37.jar)
WARNING: Please consider reporting this to the maintainers of class org.openjdk.jmh.util.Utils
WARNING: sun.misc.Unsafe::objectFieldOffset will be removed in a future release
# Warmup Iteration   1: Input: n=10000, keys=256, observedHotFraction=0.900000, poolParallelism=3, availableProcessors=10
0.700 ms/op
Iteration   1: 0.737 ms/op
                 gc.alloc.rate:      243.152 MB/sec
                 gc.alloc.rate.norm: 187968.029 B/op
                 gc.count:           ≈ 0 counts



Result "research.skew.AggregationBenchmark.parallelConcurrent":
  0.737 ms/op

Secondary result "research.skew.AggregationBenchmark.parallelConcurrent:gc.alloc.rate":
  243.152 MB/sec

Secondary result "research.skew.AggregationBenchmark.parallelConcurrent:gc.alloc.rate.norm":
  187968.029 B/op

Secondary result "research.skew.AggregationBenchmark.parallelConcurrent:gc.count":
  ≈ 0 counts


# JMH version: 1.37
# VM version: JDK 24.0.2, OpenJDK 64-Bit Server VM, 24.0.2+12-54
# VM invoker: /Users/jaehyeon/Library/Java/JavaVirtualMachines/openjdk-24.0.2/Contents/Home/bin/java
# VM options: -Xms512m -Xmx512m -Djava.util.concurrent.ForkJoinPool.common.parallelism=3
# Blackhole mode: compiler (auto-detected, use -Djmh.blackhole.autoDetect=false to disable)
# Warmup: 1 iterations, 200 ms each
# Measurement: 1 iterations, 200 ms each
# Timeout: 10 min per iteration
# Threads: 1 thread, will synchronize iterations
# Benchmark mode: Average time, time/op
# Benchmark: research.skew.AggregationBenchmark.parallelMerge
# Parameters: (cardinality = 256, distribution = uniform, seed = 20260929, size = 10000)

# Run progress: 33.33% complete, ETA 00:00:02
# Fork: 1 of 1
WARNING: A terminally deprecated method in sun.misc.Unsafe has been called
WARNING: sun.misc.Unsafe::objectFieldOffset has been called by org.openjdk.jmh.util.Utils (file:/private/tmp/java-stream-skew.V15Nmp/.deps/jmh-core-1.37.jar)
WARNING: Please consider reporting this to the maintainers of class org.openjdk.jmh.util.Utils
WARNING: sun.misc.Unsafe::objectFieldOffset will be removed in a future release
# Warmup Iteration   1: Input: n=10000, keys=256, observedHotFraction=0.004000, poolParallelism=3, availableProcessors=10
0.071 ms/op
Iteration   1: 0.055 ms/op
                 gc.alloc.rate:      7673.514 MB/sec
                 gc.alloc.rate.norm: 446444.548 B/op
                 gc.count:           5.000 counts
                 gc.time:            4.000 ms



Result "research.skew.AggregationBenchmark.parallelMerge":
  0.055 ms/op

Secondary result "research.skew.AggregationBenchmark.parallelMerge:gc.alloc.rate":
  7673.514 MB/sec

Secondary result "research.skew.AggregationBenchmark.parallelMerge:gc.alloc.rate.norm":
  446444.548 B/op

Secondary result "research.skew.AggregationBenchmark.parallelMerge:gc.count":
  5.000 counts

Secondary result "research.skew.AggregationBenchmark.parallelMerge:gc.time":
  4.000 ms


# JMH version: 1.37
# VM version: JDK 24.0.2, OpenJDK 64-Bit Server VM, 24.0.2+12-54
# VM invoker: /Users/jaehyeon/Library/Java/JavaVirtualMachines/openjdk-24.0.2/Contents/Home/bin/java
# VM options: -Xms512m -Xmx512m -Djava.util.concurrent.ForkJoinPool.common.parallelism=3
# Blackhole mode: compiler (auto-detected, use -Djmh.blackhole.autoDetect=false to disable)
# Warmup: 1 iterations, 200 ms each
# Measurement: 1 iterations, 200 ms each
# Timeout: 10 min per iteration
# Threads: 1 thread, will synchronize iterations
# Benchmark mode: Average time, time/op
# Benchmark: research.skew.AggregationBenchmark.parallelMerge
# Parameters: (cardinality = 256, distribution = hot90, seed = 20260929, size = 10000)

# Run progress: 50.00% complete, ETA 00:00:01
# Fork: 1 of 1
WARNING: A terminally deprecated method in sun.misc.Unsafe has been called
WARNING: sun.misc.Unsafe::objectFieldOffset has been called by org.openjdk.jmh.util.Utils (file:/private/tmp/java-stream-skew.V15Nmp/.deps/jmh-core-1.37.jar)
WARNING: Please consider reporting this to the maintainers of class org.openjdk.jmh.util.Utils
WARNING: sun.misc.Unsafe::objectFieldOffset will be removed in a future release
# Warmup Iteration   1: Input: n=10000, keys=256, observedHotFraction=0.900000, poolParallelism=3, availableProcessors=10
0.057 ms/op
Iteration   1: 0.046 ms/op
                 gc.alloc.rate:      5585.426 MB/sec
                 gc.alloc.rate.norm: 268174.220 B/op
                 gc.count:           4.000 counts
                 gc.time:            3.000 ms



Result "research.skew.AggregationBenchmark.parallelMerge":
  0.046 ms/op

Secondary result "research.skew.AggregationBenchmark.parallelMerge:gc.alloc.rate":
  5585.426 MB/sec

Secondary result "research.skew.AggregationBenchmark.parallelMerge:gc.alloc.rate.norm":
  268174.220 B/op

Secondary result "research.skew.AggregationBenchmark.parallelMerge:gc.count":
  4.000 counts

Secondary result "research.skew.AggregationBenchmark.parallelMerge:gc.time":
  3.000 ms


# JMH version: 1.37
# VM version: JDK 24.0.2, OpenJDK 64-Bit Server VM, 24.0.2+12-54
# VM invoker: /Users/jaehyeon/Library/Java/JavaVirtualMachines/openjdk-24.0.2/Contents/Home/bin/java
# VM options: -Xms512m -Xmx512m -Djava.util.concurrent.ForkJoinPool.common.parallelism=3
# Blackhole mode: compiler (auto-detected, use -Djmh.blackhole.autoDetect=false to disable)
# Warmup: 1 iterations, 200 ms each
# Measurement: 1 iterations, 200 ms each
# Timeout: 10 min per iteration
# Threads: 1 thread, will synchronize iterations
# Benchmark mode: Average time, time/op
# Benchmark: research.skew.AggregationBenchmark.sequential
# Parameters: (cardinality = 256, distribution = uniform, seed = 20260929, size = 10000)

# Run progress: 66.67% complete, ETA 00:00:01
# Fork: 1 of 1
WARNING: A terminally deprecated method in sun.misc.Unsafe has been called
WARNING: sun.misc.Unsafe::objectFieldOffset has been called by org.openjdk.jmh.util.Utils (file:/private/tmp/java-stream-skew.V15Nmp/.deps/jmh-core-1.37.jar)
WARNING: Please consider reporting this to the maintainers of class org.openjdk.jmh.util.Utils
WARNING: sun.misc.Unsafe::objectFieldOffset will be removed in a future release
# Warmup Iteration   1: Input: n=10000, keys=256, observedHotFraction=0.004000, poolParallelism=3, availableProcessors=10
0.070 ms/op
Iteration   1: 0.055 ms/op
                 gc.alloc.rate:      3107.599 MB/sec
                 gc.alloc.rate.norm: 178790.143 B/op
                 gc.count:           3.000 counts
                 gc.time:            3.000 ms



Result "research.skew.AggregationBenchmark.sequential":
  0.055 ms/op

Secondary result "research.skew.AggregationBenchmark.sequential:gc.alloc.rate":
  3107.599 MB/sec

Secondary result "research.skew.AggregationBenchmark.sequential:gc.alloc.rate.norm":
  178790.143 B/op

Secondary result "research.skew.AggregationBenchmark.sequential:gc.count":
  3.000 counts

Secondary result "research.skew.AggregationBenchmark.sequential:gc.time":
  3.000 ms


# JMH version: 1.37
# VM version: JDK 24.0.2, OpenJDK 64-Bit Server VM, 24.0.2+12-54
# VM invoker: /Users/jaehyeon/Library/Java/JavaVirtualMachines/openjdk-24.0.2/Contents/Home/bin/java
# VM options: -Xms512m -Xmx512m -Djava.util.concurrent.ForkJoinPool.common.parallelism=3
# Blackhole mode: compiler (auto-detected, use -Djmh.blackhole.autoDetect=false to disable)
# Warmup: 1 iterations, 200 ms each
# Measurement: 1 iterations, 200 ms each
# Timeout: 10 min per iteration
# Threads: 1 thread, will synchronize iterations
# Benchmark mode: Average time, time/op
# Benchmark: research.skew.AggregationBenchmark.sequential
# Parameters: (cardinality = 256, distribution = hot90, seed = 20260929, size = 10000)

# Run progress: 83.33% complete, ETA 00:00:00
# Fork: 1 of 1
WARNING: A terminally deprecated method in sun.misc.Unsafe has been called
WARNING: sun.misc.Unsafe::objectFieldOffset has been called by org.openjdk.jmh.util.Utils (file:/private/tmp/java-stream-skew.V15Nmp/.deps/jmh-core-1.37.jar)
WARNING: Please consider reporting this to the maintainers of class org.openjdk.jmh.util.Utils
WARNING: sun.misc.Unsafe::objectFieldOffset will be removed in a future release
# Warmup Iteration   1: Input: n=10000, keys=256, observedHotFraction=0.900000, poolParallelism=3, availableProcessors=10
0.063 ms/op
Iteration   1: 0.063 ms/op
                 gc.alloc.rate:      2724.581 MB/sec
                 gc.alloc.rate.norm: 178848.381 B/op
                 gc.count:           2.000 counts
                 gc.time:            2.000 ms



Result "research.skew.AggregationBenchmark.sequential":
  0.063 ms/op

Secondary result "research.skew.AggregationBenchmark.sequential:gc.alloc.rate":
  2724.581 MB/sec

Secondary result "research.skew.AggregationBenchmark.sequential:gc.alloc.rate.norm":
  178848.381 B/op

Secondary result "research.skew.AggregationBenchmark.sequential:gc.count":
  2.000 counts

Secondary result "research.skew.AggregationBenchmark.sequential:gc.time":
  2.000 ms


# Run complete. Total time: 00:00:03

REMEMBER: The numbers below are just data. To gain reusable insights, you need to follow up on
why the numbers are the way they are. Use profilers (see -prof, -lprof), design factorial
experiments, perform baseline and negative tests that provide experimental control, make sure
the benchmarking environment is safe on JVM/OS/HW level, ask for reviews from the domain experts.
Do not assume the numbers tell you what you want them to tell.

NOTE: Current JVM experimentally supports Compiler Blackholes, and they are in use. Please exercise
extra caution when trusting the results, look into the generated code to check the benchmark still
works, and factor in a small probability of new VM bugs. Additionally, while comparisons between
different JVMs are already problematic, the performance difference caused by different Blackhole
modes can be very significant. Please make sure you use the consistent Blackhole mode for comparisons.

Benchmark                                                   (cardinality)  (distribution)    (seed)  (size)  Mode  Cnt       Score   Error   Units
AggregationBenchmark.parallelConcurrent                               256         uniform  20260929   10000  avgt            0.142           ms/op
AggregationBenchmark.parallelConcurrent:gc.alloc.rate                 256         uniform  20260929   10000  avgt         1264.676          MB/sec
AggregationBenchmark.parallelConcurrent:gc.alloc.rate.norm            256         uniform  20260929   10000  avgt       188028.691            B/op
AggregationBenchmark.parallelConcurrent:gc.count                      256         uniform  20260929   10000  avgt            1.000          counts
AggregationBenchmark.parallelConcurrent:gc.time                       256         uniform  20260929   10000  avgt            1.000              ms
AggregationBenchmark.parallelConcurrent                               256           hot90  20260929   10000  avgt            0.737           ms/op
AggregationBenchmark.parallelConcurrent:gc.alloc.rate                 256           hot90  20260929   10000  avgt          243.152          MB/sec
AggregationBenchmark.parallelConcurrent:gc.alloc.rate.norm            256           hot90  20260929   10000  avgt       187968.029            B/op
AggregationBenchmark.parallelConcurrent:gc.count                      256           hot90  20260929   10000  avgt              ≈ 0          counts
AggregationBenchmark.parallelMerge                                    256         uniform  20260929   10000  avgt            0.055           ms/op
AggregationBenchmark.parallelMerge:gc.alloc.rate                      256         uniform  20260929   10000  avgt         7673.514          MB/sec
AggregationBenchmark.parallelMerge:gc.alloc.rate.norm                 256         uniform  20260929   10000  avgt       446444.548            B/op
AggregationBenchmark.parallelMerge:gc.count                           256         uniform  20260929   10000  avgt            5.000          counts
AggregationBenchmark.parallelMerge:gc.time                            256         uniform  20260929   10000  avgt            4.000              ms
AggregationBenchmark.parallelMerge                                    256           hot90  20260929   10000  avgt            0.046           ms/op
AggregationBenchmark.parallelMerge:gc.alloc.rate                      256           hot90  20260929   10000  avgt         5585.426          MB/sec
AggregationBenchmark.parallelMerge:gc.alloc.rate.norm                 256           hot90  20260929   10000  avgt       268174.220            B/op
AggregationBenchmark.parallelMerge:gc.count                           256           hot90  20260929   10000  avgt            4.000          counts
AggregationBenchmark.parallelMerge:gc.time                            256           hot90  20260929   10000  avgt            3.000              ms
AggregationBenchmark.sequential                                       256         uniform  20260929   10000  avgt            0.055           ms/op
AggregationBenchmark.sequential:gc.alloc.rate                         256         uniform  20260929   10000  avgt         3107.599          MB/sec
AggregationBenchmark.sequential:gc.alloc.rate.norm                    256         uniform  20260929   10000  avgt       178790.143            B/op
AggregationBenchmark.sequential:gc.count                              256         uniform  20260929   10000  avgt            3.000          counts
AggregationBenchmark.sequential:gc.time                               256         uniform  20260929   10000  avgt            3.000              ms
AggregationBenchmark.sequential                                       256           hot90  20260929   10000  avgt            0.063           ms/op
AggregationBenchmark.sequential:gc.alloc.rate                         256           hot90  20260929   10000  avgt         2724.581          MB/sec
AggregationBenchmark.sequential:gc.alloc.rate.norm                    256           hot90  20260929   10000  avgt       178848.381            B/op
AggregationBenchmark.sequential:gc.count                              256           hot90  20260929   10000  avgt            2.000          counts
AggregationBenchmark.sequential:gc.time                               256           hot90  20260929   10000  avgt            2.000              ms

Benchmark result is saved to results/smoke-20260929T083416Z.jS7Y45/jmh.json
