WARNING: A terminally deprecated method in sun.misc.Unsafe has been called
WARNING: sun.misc.Unsafe::objectFieldOffset has been called by org.openjdk.jmh.util.Utils (file:/Users/jaehyeon/Documents/Obsidian%20Vault/2026/04.%ed%98%b8%ec%84%9c%eb%8c%80%ed%95%99%ea%b5%90/11.%ec%b0%a8%ec%84%b8%eb%8c%80%ec%bb%b4%ed%93%a8%ed%8c%85%ed%95%99%ed%9a%8c%eb%85%bc%eb%ac%b8/JavaStream_%ed%82%a4%ed%8e%b8%ed%96%a5/.deps/jmh-core-1.37.jar)
WARNING: Please consider reporting this to the maintainers of class org.openjdk.jmh.util.Utils
WARNING: sun.misc.Unsafe::objectFieldOffset will be removed in a future release
# JMH version: 1.37
# VM version: JDK 25.0.4.1, OpenJDK 64-Bit Server VM, 25.0.4.1+1-LTS
# VM invoker: /Users/jaehyeon/Library/Java/JavaVirtualMachines/temurin-25.0.4.1/Contents/Home/bin/java
# VM options: -Xms512m -Xmx512m -Djava.util.concurrent.ForkJoinPool.common.parallelism=3 --add-opens=java.base/java.util.concurrent=ALL-UNNAMED
# Blackhole mode: compiler (auto-detected, use -Djmh.blackhole.autoDetect=false to disable)
# Warmup: 5 iterations, 1 s each
# Measurement: 5 iterations, 1 s each
# Timeout: 10 min per iteration
# Threads: 1 thread, will synchronize iterations
# Benchmark mode: Average time, time/op
# Benchmark: research.skew.BinHeadBenchmark.computeIfAbsent
# Parameters: (cardinality = 2, distribution = hot90, position = head, seed = 20260929, size = 100000)

# Run progress: 0.00% complete, ETA 00:04:00
# Fork: 1 of 3
WARNING: A terminally deprecated method in sun.misc.Unsafe has been called
WARNING: sun.misc.Unsafe::objectFieldOffset has been called by org.openjdk.jmh.util.Utils (file:/Users/jaehyeon/Documents/Obsidian%20Vault/2026/04.%ed%98%b8%ec%84%9c%eb%8c%80%ed%95%99%ea%b5%90/11.%ec%b0%a8%ec%84%b8%eb%8c%80%ec%bb%b4%ed%93%a8%ed%8c%85%ed%95%99%ed%9a%8c%eb%85%bc%eb%ac%b8/JavaStream_%ed%82%a4%ed%8e%b8%ed%96%a5/.deps/jmh-core-1.37.jar)
WARNING: Please consider reporting this to the maintainers of class org.openjdk.jmh.util.Utils
WARNING: sun.misc.Unsafe::objectFieldOffset will be removed in a future release
# Warmup Iteration   1: Layout: position=head table=32 bin0=[0, 32] poolParallelism=3
0.758 ms/op
# Warmup Iteration   2: 0.767 ms/op
# Warmup Iteration   3: 0.761 ms/op
# Warmup Iteration   4: 0.754 ms/op
# Warmup Iteration   5: 0.752 ms/op
Iteration   1: 0.749 ms/op
                 gc.alloc.rate:      1.944 MB/sec
                 gc.alloc.rate.norm: 1527.923 B/op
                 gc.count:           ≈ 0 counts

Iteration   2: 0.748 ms/op
                 gc.alloc.rate:      1.947 MB/sec
                 gc.alloc.rate.norm: 1528.138 B/op
                 gc.count:           ≈ 0 counts

Iteration   3: 0.750 ms/op
                 gc.alloc.rate:      1.944 MB/sec
                 gc.alloc.rate.norm: 1528.084 B/op
                 gc.count:           ≈ 0 counts

Iteration   4: 0.756 ms/op
                 gc.alloc.rate:      1.928 MB/sec
                 gc.alloc.rate.norm: 1528.301 B/op
                 gc.count:           ≈ 0 counts

Iteration   5: Verify: position=head table=32 bin0=[0, 32] ops=13306 sum=1330600000 OK
0.753 ms/op
                 gc.alloc.rate:      1.944 MB/sec
                 gc.alloc.rate.norm: 1535.322 B/op
                 gc.count:           ≈ 0 counts


# Run progress: 4.17% complete, ETA 00:03:54
# Fork: 2 of 3
WARNING: A terminally deprecated method in sun.misc.Unsafe has been called
WARNING: sun.misc.Unsafe::objectFieldOffset has been called by org.openjdk.jmh.util.Utils (file:/Users/jaehyeon/Documents/Obsidian%20Vault/2026/04.%ed%98%b8%ec%84%9c%eb%8c%80%ed%95%99%ea%b5%90/11.%ec%b0%a8%ec%84%b8%eb%8c%80%ec%bb%b4%ed%93%a8%ed%8c%85%ed%95%99%ed%9a%8c%eb%85%bc%eb%ac%b8/JavaStream_%ed%82%a4%ed%8e%b8%ed%96%a5/.deps/jmh-core-1.37.jar)
WARNING: Please consider reporting this to the maintainers of class org.openjdk.jmh.util.Utils
WARNING: sun.misc.Unsafe::objectFieldOffset will be removed in a future release
# Warmup Iteration   1: Layout: position=head table=32 bin0=[0, 32] poolParallelism=3
0.859 ms/op
# Warmup Iteration   2: 0.816 ms/op
# Warmup Iteration   3: 0.816 ms/op
# Warmup Iteration   4: 0.812 ms/op
# Warmup Iteration   5: 0.816 ms/op
Iteration   1: 0.813 ms/op
                 gc.alloc.rate:      1.791 MB/sec
                 gc.alloc.rate.norm: 1527.488 B/op
                 gc.count:           ≈ 0 counts

Iteration   2: 0.810 ms/op
                 gc.alloc.rate:      1.796 MB/sec
                 gc.alloc.rate.norm: 1526.615 B/op
                 gc.count:           ≈ 0 counts

Iteration   3: 0.812 ms/op
                 gc.alloc.rate:      1.793 MB/sec
                 gc.alloc.rate.norm: 1527.411 B/op
                 gc.count:           ≈ 0 counts

Iteration   4: 0.821 ms/op
                 gc.alloc.rate:      1.774 MB/sec
                 gc.alloc.rate.norm: 1527.073 B/op
                 gc.count:           ≈ 0 counts

Iteration   5: Verify: position=head table=32 bin0=[0, 32] ops=12270 sum=1227000000 OK
0.815 ms/op
                 gc.alloc.rate:      1.795 MB/sec
                 gc.alloc.rate.norm: 1534.295 B/op
                 gc.count:           ≈ 0 counts


# Run progress: 8.33% complete, ETA 00:03:44
# Fork: 3 of 3
WARNING: A terminally deprecated method in sun.misc.Unsafe has been called
WARNING: sun.misc.Unsafe::objectFieldOffset has been called by org.openjdk.jmh.util.Utils (file:/Users/jaehyeon/Documents/Obsidian%20Vault/2026/04.%ed%98%b8%ec%84%9c%eb%8c%80%ed%95%99%ea%b5%90/11.%ec%b0%a8%ec%84%b8%eb%8c%80%ec%bb%b4%ed%93%a8%ed%8c%85%ed%95%99%ed%9a%8c%eb%85%bc%eb%ac%b8/JavaStream_%ed%82%a4%ed%8e%b8%ed%96%a5/.deps/jmh-core-1.37.jar)
WARNING: Please consider reporting this to the maintainers of class org.openjdk.jmh.util.Utils
WARNING: sun.misc.Unsafe::objectFieldOffset will be removed in a future release
# Warmup Iteration   1: Layout: position=head table=32 bin0=[0, 32] poolParallelism=3
0.856 ms/op
# Warmup Iteration   2: 0.820 ms/op
# Warmup Iteration   3: 0.819 ms/op
# Warmup Iteration   4: 0.820 ms/op
# Warmup Iteration   5: 0.821 ms/op
Iteration   1: 0.826 ms/op
                 gc.alloc.rate:      1.763 MB/sec
                 gc.alloc.rate.norm: 1527.875 B/op
                 gc.count:           ≈ 0 counts

Iteration   2: 0.819 ms/op
                 gc.alloc.rate:      1.779 MB/sec
                 gc.alloc.rate.norm: 1527.603 B/op
                 gc.count:           ≈ 0 counts

Iteration   3: 0.821 ms/op
                 gc.alloc.rate:      1.775 MB/sec
                 gc.alloc.rate.norm: 1527.719 B/op
                 gc.count:           ≈ 0 counts

Iteration   4: 0.839 ms/op
                 gc.alloc.rate:      1.736 MB/sec
                 gc.alloc.rate.norm: 1527.190 B/op
                 gc.count:           ≈ 0 counts

Iteration   5: Verify: position=head table=32 bin0=[0, 32] ops=12174 sum=1217400000 OK
0.810 ms/op
                 gc.alloc.rate:      1.806 MB/sec
                 gc.alloc.rate.norm: 1534.174 B/op
                 gc.count:           ≈ 0 counts



Result "research.skew.BinHeadBenchmark.computeIfAbsent":
  0.796 ±(99.9%) 0.036 ms/op [Average]
  (min, avg, max) = (0.748, 0.796, 0.839), stdev = 0.034
  CI (99.9%): [0.760, 0.832] (assumes normal distribution)

Secondary result "research.skew.BinHeadBenchmark.computeIfAbsent:gc.alloc.rate":
  1.834 ±(99.9%) 0.086 MB/sec [Average]
  (min, avg, max) = (1.736, 1.834, 1.947), stdev = 0.080
  CI (99.9%): [1.749, 1.920] (assumes normal distribution)

Secondary result "research.skew.BinHeadBenchmark.computeIfAbsent:gc.alloc.rate.norm":
  1529.014 ±(99.9%) 3.135 B/op [Average]
  (min, avg, max) = (1526.615, 1529.014, 1535.322), stdev = 2.932
  CI (99.9%): [1525.879, 1532.148] (assumes normal distribution)

Secondary result "research.skew.BinHeadBenchmark.computeIfAbsent:gc.count":
  ≈ 0 counts


# JMH version: 1.37
# VM version: JDK 25.0.4.1, OpenJDK 64-Bit Server VM, 25.0.4.1+1-LTS
# VM invoker: /Users/jaehyeon/Library/Java/JavaVirtualMachines/temurin-25.0.4.1/Contents/Home/bin/java
# VM options: -Xms512m -Xmx512m -Djava.util.concurrent.ForkJoinPool.common.parallelism=3 --add-opens=java.base/java.util.concurrent=ALL-UNNAMED
# Blackhole mode: compiler (auto-detected, use -Djmh.blackhole.autoDetect=false to disable)
# Warmup: 5 iterations, 1 s each
# Measurement: 5 iterations, 1 s each
# Timeout: 10 min per iteration
# Threads: 1 thread, will synchronize iterations
# Benchmark mode: Average time, time/op
# Benchmark: research.skew.BinHeadBenchmark.computeIfAbsent
# Parameters: (cardinality = 2, distribution = hot90, position = head, seed = 20260929, size = 1000000)

# Run progress: 12.50% complete, ETA 00:03:33
# Fork: 1 of 3
WARNING: A terminally deprecated method in sun.misc.Unsafe has been called
WARNING: sun.misc.Unsafe::objectFieldOffset has been called by org.openjdk.jmh.util.Utils (file:/Users/jaehyeon/Documents/Obsidian%20Vault/2026/04.%ed%98%b8%ec%84%9c%eb%8c%80%ed%95%99%ea%b5%90/11.%ec%b0%a8%ec%84%b8%eb%8c%80%ec%bb%b4%ed%93%a8%ed%8c%85%ed%95%99%ed%9a%8c%eb%85%bc%eb%ac%b8/JavaStream_%ed%82%a4%ed%8e%b8%ed%96%a5/.deps/jmh-core-1.37.jar)
WARNING: Please consider reporting this to the maintainers of class org.openjdk.jmh.util.Utils
WARNING: sun.misc.Unsafe::objectFieldOffset will be removed in a future release
# Warmup Iteration   1: Layout: position=head table=32 bin0=[0, 32] poolParallelism=3
8.038 ms/op
# Warmup Iteration   2: 8.078 ms/op
# Warmup Iteration   3: 8.079 ms/op
# Warmup Iteration   4: 8.061 ms/op
# Warmup Iteration   5: 8.071 ms/op
Iteration   1: 8.074 ms/op
                 gc.alloc.rate:      0.186 MB/sec
                 gc.alloc.rate.norm: 1577.664 B/op
                 gc.count:           ≈ 0 counts

Iteration   2: 8.072 ms/op
                 gc.alloc.rate:      0.186 MB/sec
                 gc.alloc.rate.norm: 1577.280 B/op
                 gc.count:           ≈ 0 counts

Iteration   3: 8.126 ms/op
                 gc.alloc.rate:      0.185 MB/sec
                 gc.alloc.rate.norm: 1576.516 B/op
                 gc.count:           ≈ 0 counts

Iteration   4: 8.127 ms/op
                 gc.alloc.rate:      0.185 MB/sec
                 gc.alloc.rate.norm: 1579.226 B/op
                 gc.count:           ≈ 0 counts

Iteration   5: Verify: position=head table=32 bin0=[0, 32] ops=1248 sum=1248000000 OK
8.112 ms/op
                 gc.alloc.rate:      0.194 MB/sec
                 gc.alloc.rate.norm: 1652.387 B/op
                 gc.count:           ≈ 0 counts


# Run progress: 16.67% complete, ETA 00:03:24
# Fork: 2 of 3
WARNING: A terminally deprecated method in sun.misc.Unsafe has been called
WARNING: sun.misc.Unsafe::objectFieldOffset has been called by org.openjdk.jmh.util.Utils (file:/Users/jaehyeon/Documents/Obsidian%20Vault/2026/04.%ed%98%b8%ec%84%9c%eb%8c%80%ed%95%99%ea%b5%90/11.%ec%b0%a8%ec%84%b8%eb%8c%80%ec%bb%b4%ed%93%a8%ed%8c%85%ed%95%99%ed%9a%8c%eb%85%bc%eb%ac%b8/JavaStream_%ed%82%a4%ed%8e%b8%ed%96%a5/.deps/jmh-core-1.37.jar)
WARNING: Please consider reporting this to the maintainers of class org.openjdk.jmh.util.Utils
WARNING: sun.misc.Unsafe::objectFieldOffset will be removed in a future release
# Warmup Iteration   1: Layout: position=head table=32 bin0=[0, 32] poolParallelism=3
8.021 ms/op
# Warmup Iteration   2: 8.101 ms/op
# Warmup Iteration   3: 8.044 ms/op
# Warmup Iteration   4: 8.139 ms/op
# Warmup Iteration   5: 8.062 ms/op
Iteration   1: 8.051 ms/op
                 gc.alloc.rate:      0.187 MB/sec
                 gc.alloc.rate.norm: 1578.048 B/op
                 gc.count:           ≈ 0 counts

Iteration   2: 9.306 ms/op
                 gc.alloc.rate:      0.163 MB/sec
                 gc.alloc.rate.norm: 1587.481 B/op
                 gc.count:           ≈ 0 counts

Iteration   3: 7.993 ms/op
                 gc.alloc.rate:      0.188 MB/sec
                 gc.alloc.rate.norm: 1578.794 B/op
                 gc.count:           ≈ 0 counts

Iteration   4: 8.157 ms/op
                 gc.alloc.rate:      0.185 MB/sec
                 gc.alloc.rate.norm: 1579.032 B/op
                 gc.count:           ≈ 0 counts

Iteration   5: Verify: position=head table=32 bin0=[0, 32] ops=1234 sum=1234000000 OK
7.960 ms/op
                 gc.alloc.rate:      0.198 MB/sec
                 gc.alloc.rate.norm: 1651.906 B/op
                 gc.count:           ≈ 0 counts


# Run progress: 20.83% complete, ETA 00:03:14
# Fork: 3 of 3
WARNING: A terminally deprecated method in sun.misc.Unsafe has been called
WARNING: sun.misc.Unsafe::objectFieldOffset has been called by org.openjdk.jmh.util.Utils (file:/Users/jaehyeon/Documents/Obsidian%20Vault/2026/04.%ed%98%b8%ec%84%9c%eb%8c%80%ed%95%99%ea%b5%90/11.%ec%b0%a8%ec%84%b8%eb%8c%80%ec%bb%b4%ed%93%a8%ed%8c%85%ed%95%99%ed%9a%8c%eb%85%bc%eb%ac%b8/JavaStream_%ed%82%a4%ed%8e%b8%ed%96%a5/.deps/jmh-core-1.37.jar)
WARNING: Please consider reporting this to the maintainers of class org.openjdk.jmh.util.Utils
WARNING: sun.misc.Unsafe::objectFieldOffset will be removed in a future release
# Warmup Iteration   1: Layout: position=head table=32 bin0=[0, 32] poolParallelism=3
9.332 ms/op
# Warmup Iteration   2: 8.731 ms/op
# Warmup Iteration   3: 8.664 ms/op
# Warmup Iteration   4: 8.693 ms/op
# Warmup Iteration   5: 8.675 ms/op
Iteration   1: 9.093 ms/op
                 gc.alloc.rate:      0.166 MB/sec
                 gc.alloc.rate.norm: 1584.577 B/op
                 gc.count:           ≈ 0 counts

Iteration   2: 8.650 ms/op
                 gc.alloc.rate:      0.174 MB/sec
                 gc.alloc.rate.norm: 1582.138 B/op
                 gc.count:           ≈ 0 counts

Iteration   3: 8.877 ms/op
                 gc.alloc.rate:      0.170 MB/sec
                 gc.alloc.rate.norm: 1583.088 B/op
                 gc.count:           ≈ 0 counts

Iteration   4: 8.887 ms/op
                 gc.alloc.rate:      0.170 MB/sec
                 gc.alloc.rate.norm: 1583.298 B/op
                 gc.count:           ≈ 0 counts

Iteration   5: Verify: position=head table=32 bin0=[0, 32] ops=1138 sum=1138000000 OK
9.096 ms/op
                 gc.alloc.rate:      0.175 MB/sec
                 gc.alloc.rate.norm: 1669.766 B/op
                 gc.count:           ≈ 0 counts



Result "research.skew.BinHeadBenchmark.computeIfAbsent":
  8.439 ±(99.9%) 0.517 ms/op [Average]
  (min, avg, max) = (7.960, 8.439, 9.306), stdev = 0.484
  CI (99.9%): [7.922, 8.956] (assumes normal distribution)

Secondary result "research.skew.BinHeadBenchmark.computeIfAbsent:gc.alloc.rate":
  0.181 ±(99.9%) 0.011 MB/sec [Average]
  (min, avg, max) = (0.163, 0.181, 0.198), stdev = 0.010
  CI (99.9%): [0.170, 0.192] (assumes normal distribution)

Secondary result "research.skew.BinHeadBenchmark.computeIfAbsent:gc.alloc.rate.norm":
  1596.080 ±(99.9%) 34.669 B/op [Average]
  (min, avg, max) = (1576.516, 1596.080, 1669.766), stdev = 32.429
  CI (99.9%): [1561.411, 1630.749] (assumes normal distribution)

Secondary result "research.skew.BinHeadBenchmark.computeIfAbsent:gc.count":
  ≈ 0 counts


# JMH version: 1.37
# VM version: JDK 25.0.4.1, OpenJDK 64-Bit Server VM, 25.0.4.1+1-LTS
# VM invoker: /Users/jaehyeon/Library/Java/JavaVirtualMachines/temurin-25.0.4.1/Contents/Home/bin/java
# VM options: -Xms512m -Xmx512m -Djava.util.concurrent.ForkJoinPool.common.parallelism=3 --add-opens=java.base/java.util.concurrent=ALL-UNNAMED
# Blackhole mode: compiler (auto-detected, use -Djmh.blackhole.autoDetect=false to disable)
# Warmup: 5 iterations, 1 s each
# Measurement: 5 iterations, 1 s each
# Timeout: 10 min per iteration
# Threads: 1 thread, will synchronize iterations
# Benchmark mode: Average time, time/op
# Benchmark: research.skew.BinHeadBenchmark.computeIfAbsent
# Parameters: (cardinality = 2, distribution = hot90, position = second, seed = 20260929, size = 100000)

# Run progress: 25.00% complete, ETA 00:03:03
# Fork: 1 of 3
WARNING: A terminally deprecated method in sun.misc.Unsafe has been called
WARNING: sun.misc.Unsafe::objectFieldOffset has been called by org.openjdk.jmh.util.Utils (file:/Users/jaehyeon/Documents/Obsidian%20Vault/2026/04.%ed%98%b8%ec%84%9c%eb%8c%80%ed%95%99%ea%b5%90/11.%ec%b0%a8%ec%84%b8%eb%8c%80%ec%bb%b4%ed%93%a8%ed%8c%85%ed%95%99%ed%9a%8c%eb%85%bc%eb%ac%b8/JavaStream_%ed%82%a4%ed%8e%b8%ed%96%a5/.deps/jmh-core-1.37.jar)
WARNING: Please consider reporting this to the maintainers of class org.openjdk.jmh.util.Utils
WARNING: sun.misc.Unsafe::objectFieldOffset will be removed in a future release
# Warmup Iteration   1: Layout: position=second table=32 bin0=[32, 0] poolParallelism=3
3.424 ms/op
# Warmup Iteration   2: 3.462 ms/op
# Warmup Iteration   3: 3.407 ms/op
# Warmup Iteration   4: 3.513 ms/op
# Warmup Iteration   5: 3.506 ms/op
Iteration   1: 3.504 ms/op
                 gc.alloc.rate:      0.421 MB/sec
                 gc.alloc.rate.norm: 1546.369 B/op
                 gc.count:           ≈ 0 counts

Iteration   2: 3.539 ms/op
                 gc.alloc.rate:      0.417 MB/sec
                 gc.alloc.rate.norm: 1547.340 B/op
                 gc.count:           ≈ 0 counts

Iteration   3: 3.397 ms/op
                 gc.alloc.rate:      0.434 MB/sec
                 gc.alloc.rate.norm: 1544.757 B/op
                 gc.count:           ≈ 0 counts

Iteration   4: 3.454 ms/op
                 gc.alloc.rate:      0.427 MB/sec
                 gc.alloc.rate.norm: 1546.942 B/op
                 gc.count:           ≈ 0 counts

Iteration   5: Verify: position=second table=32 bin0=[32, 0] ops=2911 sum=291100000 OK
3.357 ms/op
                 gc.alloc.rate:      0.448 MB/sec
                 gc.alloc.rate.norm: 1577.893 B/op
                 gc.count:           ≈ 0 counts


# Run progress: 29.17% complete, ETA 00:02:53
# Fork: 2 of 3
WARNING: A terminally deprecated method in sun.misc.Unsafe has been called
WARNING: sun.misc.Unsafe::objectFieldOffset has been called by org.openjdk.jmh.util.Utils (file:/Users/jaehyeon/Documents/Obsidian%20Vault/2026/04.%ed%98%b8%ec%84%9c%eb%8c%80%ed%95%99%ea%b5%90/11.%ec%b0%a8%ec%84%b8%eb%8c%80%ec%bb%b4%ed%93%a8%ed%8c%85%ed%95%99%ed%9a%8c%eb%85%bc%eb%ac%b8/JavaStream_%ed%82%a4%ed%8e%b8%ed%96%a5/.deps/jmh-core-1.37.jar)
WARNING: Please consider reporting this to the maintainers of class org.openjdk.jmh.util.Utils
WARNING: sun.misc.Unsafe::objectFieldOffset will be removed in a future release
# Warmup Iteration   1: Layout: position=second table=32 bin0=[32, 0] poolParallelism=3
3.375 ms/op
# Warmup Iteration   2: 3.334 ms/op
# Warmup Iteration   3: 3.219 ms/op
# Warmup Iteration   4: 3.339 ms/op
# Warmup Iteration   5: 3.303 ms/op
Iteration   1: 3.339 ms/op
                 gc.alloc.rate:      0.441 MB/sec
                 gc.alloc.rate.norm: 1545.276 B/op
                 gc.count:           ≈ 0 counts

Iteration   2: 3.298 ms/op
                 gc.alloc.rate:      0.447 MB/sec
                 gc.alloc.rate.norm: 1545.600 B/op
                 gc.count:           ≈ 0 counts

Iteration   3: 3.280 ms/op
                 gc.alloc.rate:      0.449 MB/sec
                 gc.alloc.rate.norm: 1545.720 B/op
                 gc.count:           ≈ 0 counts

Iteration   4: 3.236 ms/op
                 gc.alloc.rate:      0.455 MB/sec
                 gc.alloc.rate.norm: 1544.103 B/op
                 gc.count:           ≈ 0 counts

Iteration   5: Verify: position=second table=32 bin0=[32, 0] ops=3056 sum=305600000 OK
3.215 ms/op
                 gc.alloc.rate:      0.466 MB/sec
                 gc.alloc.rate.norm: 1573.291 B/op
                 gc.count:           ≈ 0 counts


# Run progress: 33.33% complete, ETA 00:02:43
# Fork: 3 of 3
WARNING: A terminally deprecated method in sun.misc.Unsafe has been called
WARNING: sun.misc.Unsafe::objectFieldOffset has been called by org.openjdk.jmh.util.Utils (file:/Users/jaehyeon/Documents/Obsidian%20Vault/2026/04.%ed%98%b8%ec%84%9c%eb%8c%80%ed%95%99%ea%b5%90/11.%ec%b0%a8%ec%84%b8%eb%8c%80%ec%bb%b4%ed%93%a8%ed%8c%85%ed%95%99%ed%9a%8c%eb%85%bc%eb%ac%b8/JavaStream_%ed%82%a4%ed%8e%b8%ed%96%a5/.deps/jmh-core-1.37.jar)
WARNING: Please consider reporting this to the maintainers of class org.openjdk.jmh.util.Utils
WARNING: sun.misc.Unsafe::objectFieldOffset will be removed in a future release
# Warmup Iteration   1: Layout: position=second table=32 bin0=[32, 0] poolParallelism=3
3.463 ms/op
# Warmup Iteration   2: 3.269 ms/op
# Warmup Iteration   3: 3.215 ms/op
# Warmup Iteration   4: 3.267 ms/op
# Warmup Iteration   5: 3.287 ms/op
Iteration   1: 3.373 ms/op
                 gc.alloc.rate:      0.437 MB/sec
                 gc.alloc.rate.norm: 1546.013 B/op
                 gc.count:           ≈ 0 counts

Iteration   2: 3.403 ms/op
                 gc.alloc.rate:      0.433 MB/sec
                 gc.alloc.rate.norm: 1545.486 B/op
                 gc.count:           ≈ 0 counts

Iteration   3: 3.392 ms/op
                 gc.alloc.rate:      0.435 MB/sec
                 gc.alloc.rate.norm: 1545.589 B/op
                 gc.count:           ≈ 0 counts

Iteration   4: 3.412 ms/op
                 gc.alloc.rate:      0.432 MB/sec
                 gc.alloc.rate.norm: 1545.302 B/op
                 gc.count:           ≈ 0 counts

Iteration   5: Verify: position=second table=32 bin0=[32, 0] ops=2998 sum=299800000 OK
3.512 ms/op
                 gc.alloc.rate:      0.429 MB/sec
                 gc.alloc.rate.norm: 1579.652 B/op
                 gc.count:           ≈ 0 counts



Result "research.skew.BinHeadBenchmark.computeIfAbsent":
  3.381 ±(99.9%) 0.104 ms/op [Average]
  (min, avg, max) = (3.215, 3.381, 3.539), stdev = 0.097
  CI (99.9%): [3.277, 3.485] (assumes normal distribution)

Secondary result "research.skew.BinHeadBenchmark.computeIfAbsent:gc.alloc.rate":
  0.438 ±(99.9%) 0.014 MB/sec [Average]
  (min, avg, max) = (0.417, 0.438, 0.466), stdev = 0.013
  CI (99.9%): [0.424, 0.452] (assumes normal distribution)

Secondary result "research.skew.BinHeadBenchmark.computeIfAbsent:gc.alloc.rate.norm":
  1551.956 ±(99.9%) 13.915 B/op [Average]
  (min, avg, max) = (1544.103, 1551.956, 1579.652), stdev = 13.017
  CI (99.9%): [1538.040, 1565.871] (assumes normal distribution)

Secondary result "research.skew.BinHeadBenchmark.computeIfAbsent:gc.count":
  ≈ 0 counts


# JMH version: 1.37
# VM version: JDK 25.0.4.1, OpenJDK 64-Bit Server VM, 25.0.4.1+1-LTS
# VM invoker: /Users/jaehyeon/Library/Java/JavaVirtualMachines/temurin-25.0.4.1/Contents/Home/bin/java
# VM options: -Xms512m -Xmx512m -Djava.util.concurrent.ForkJoinPool.common.parallelism=3 --add-opens=java.base/java.util.concurrent=ALL-UNNAMED
# Blackhole mode: compiler (auto-detected, use -Djmh.blackhole.autoDetect=false to disable)
# Warmup: 5 iterations, 1 s each
# Measurement: 5 iterations, 1 s each
# Timeout: 10 min per iteration
# Threads: 1 thread, will synchronize iterations
# Benchmark mode: Average time, time/op
# Benchmark: research.skew.BinHeadBenchmark.computeIfAbsent
# Parameters: (cardinality = 2, distribution = hot90, position = second, seed = 20260929, size = 1000000)

# Run progress: 37.50% complete, ETA 00:02:33
# Fork: 1 of 3
WARNING: A terminally deprecated method in sun.misc.Unsafe has been called
WARNING: sun.misc.Unsafe::objectFieldOffset has been called by org.openjdk.jmh.util.Utils (file:/Users/jaehyeon/Documents/Obsidian%20Vault/2026/04.%ed%98%b8%ec%84%9c%eb%8c%80%ed%95%99%ea%b5%90/11.%ec%b0%a8%ec%84%b8%eb%8c%80%ec%bb%b4%ed%93%a8%ed%8c%85%ed%95%99%ed%9a%8c%eb%85%bc%eb%ac%b8/JavaStream_%ed%82%a4%ed%8e%b8%ed%96%a5/.deps/jmh-core-1.37.jar)
WARNING: Please consider reporting this to the maintainers of class org.openjdk.jmh.util.Utils
WARNING: sun.misc.Unsafe::objectFieldOffset will be removed in a future release
# Warmup Iteration   1: Layout: position=second table=32 bin0=[32, 0] poolParallelism=3
32.872 ms/op
# Warmup Iteration   2: 32.626 ms/op
# Warmup Iteration   3: 34.097 ms/op
# Warmup Iteration   4: 33.936 ms/op
# Warmup Iteration   5: 33.218 ms/op
Iteration   1: 31.979 ms/op
                 gc.alloc.rate:      0.052 MB/sec
                 gc.alloc.rate.norm: 1739.250 B/op
                 gc.count:           ≈ 0 counts

Iteration   2: 33.389 ms/op
                 gc.alloc.rate:      0.050 MB/sec
                 gc.alloc.rate.norm: 1747.613 B/op
                 gc.count:           ≈ 0 counts

Iteration   3: 33.361 ms/op
                 gc.alloc.rate:      0.050 MB/sec
                 gc.alloc.rate.norm: 1746.839 B/op
                 gc.count:           ≈ 0 counts

Iteration   4: 32.506 ms/op
                 gc.alloc.rate:      0.051 MB/sec
                 gc.alloc.rate.norm: 1753.032 B/op
                 gc.count:           ≈ 0 counts

Iteration   5: Verify: position=second table=32 bin0=[32, 0] ops=309 sum=309000000 OK
33.043 ms/op
                 gc.alloc.rate:      0.059 MB/sec
                 gc.alloc.rate.norm: 2049.548 B/op
                 gc.count:           ≈ 0 counts


# Run progress: 41.67% complete, ETA 00:02:23
# Fork: 2 of 3
WARNING: A terminally deprecated method in sun.misc.Unsafe has been called
WARNING: sun.misc.Unsafe::objectFieldOffset has been called by org.openjdk.jmh.util.Utils (file:/Users/jaehyeon/Documents/Obsidian%20Vault/2026/04.%ed%98%b8%ec%84%9c%eb%8c%80%ed%95%99%ea%b5%90/11.%ec%b0%a8%ec%84%b8%eb%8c%80%ec%bb%b4%ed%93%a8%ed%8c%85%ed%95%99%ed%9a%8c%eb%85%bc%eb%ac%b8/JavaStream_%ed%82%a4%ed%8e%b8%ed%96%a5/.deps/jmh-core-1.37.jar)
WARNING: Please consider reporting this to the maintainers of class org.openjdk.jmh.util.Utils
WARNING: sun.misc.Unsafe::objectFieldOffset will be removed in a future release
# Warmup Iteration   1: Layout: position=second table=32 bin0=[32, 0] poolParallelism=3
40.065 ms/op
# Warmup Iteration   2: 38.072 ms/op
# Warmup Iteration   3: 39.318 ms/op
# Warmup Iteration   4: 38.683 ms/op
# Warmup Iteration   5: 38.499 ms/op
Iteration   1: 38.547 ms/op
                 gc.alloc.rate:      0.044 MB/sec
                 gc.alloc.rate.norm: 1782.815 B/op
                 gc.count:           ≈ 0 counts

Iteration   2: 38.402 ms/op
                 gc.alloc.rate:      0.044 MB/sec
                 gc.alloc.rate.norm: 1783.704 B/op
                 gc.count:           ≈ 0 counts

Iteration   3: 38.019 ms/op
                 gc.alloc.rate:      0.045 MB/sec
                 gc.alloc.rate.norm: 1783.704 B/op
                 gc.count:           ≈ 0 counts

Iteration   4: 39.388 ms/op
                 gc.alloc.rate:      0.043 MB/sec
                 gc.alloc.rate.norm: 1790.769 B/op
                 gc.count:           ≈ 0 counts

Iteration   5: Verify: position=second table=32 bin0=[32, 0] ops=265 sum=265000000 OK
38.909 ms/op
                 gc.alloc.rate:      0.053 MB/sec
                 gc.alloc.rate.norm: 2148.000 B/op
                 gc.count:           ≈ 0 counts


# Run progress: 45.83% complete, ETA 00:02:13
# Fork: 3 of 3
WARNING: A terminally deprecated method in sun.misc.Unsafe has been called
WARNING: sun.misc.Unsafe::objectFieldOffset has been called by org.openjdk.jmh.util.Utils (file:/Users/jaehyeon/Documents/Obsidian%20Vault/2026/04.%ed%98%b8%ec%84%9c%eb%8c%80%ed%95%99%ea%b5%90/11.%ec%b0%a8%ec%84%b8%eb%8c%80%ec%bb%b4%ed%93%a8%ed%8c%85%ed%95%99%ed%9a%8c%eb%85%bc%eb%ac%b8/JavaStream_%ed%82%a4%ed%8e%b8%ed%96%a5/.deps/jmh-core-1.37.jar)
WARNING: Please consider reporting this to the maintainers of class org.openjdk.jmh.util.Utils
WARNING: sun.misc.Unsafe::objectFieldOffset will be removed in a future release
# Warmup Iteration   1: Layout: position=second table=32 bin0=[32, 0] poolParallelism=3
96.095 ms/op
# Warmup Iteration   2: 99.208 ms/op
# Warmup Iteration   3: 90.466 ms/op
# Warmup Iteration   4: 94.833 ms/op
# Warmup Iteration   5: 96.846 ms/op
Iteration   1: 106.884 ms/op
                 gc.alloc.rate:      0.020 MB/sec
                 gc.alloc.rate.norm: 2218.400 B/op
                 gc.count:           ≈ 0 counts

Iteration   2: 100.120 ms/op
                 gc.alloc.rate:      0.021 MB/sec
                 gc.alloc.rate.norm: 2160.000 B/op
                 gc.count:           ≈ 0 counts

Iteration   3: 97.497 ms/op
                 gc.alloc.rate:      0.021 MB/sec
                 gc.alloc.rate.norm: 2157.818 B/op
                 gc.count:           ≈ 0 counts

Iteration   4: 86.074 ms/op
                 gc.alloc.rate:      0.023 MB/sec
                 gc.alloc.rate.norm: 2099.333 B/op
                 gc.count:           ≈ 0 counts

Iteration   5: Verify: position=second table=32 bin0=[32, 0] ops=110 sum=110000000 OK
104.675 ms/op
                 gc.alloc.rate:      0.029 MB/sec
                 gc.alloc.rate.norm: 3149.600 B/op
                 gc.count:           ≈ 0 counts



Result "research.skew.BinHeadBenchmark.computeIfAbsent":
  56.853 ±(99.9%) 33.450 ms/op [Average]
  (min, avg, max) = (31.979, 56.853, 106.884), stdev = 31.289
  CI (99.9%): [23.403, 90.303] (assumes normal distribution)

Secondary result "research.skew.BinHeadBenchmark.computeIfAbsent:gc.alloc.rate":
  0.040 ±(99.9%) 0.015 MB/sec [Average]
  (min, avg, max) = (0.020, 0.040, 0.059), stdev = 0.014
  CI (99.9%): [0.026, 0.055] (assumes normal distribution)

Secondary result "research.skew.BinHeadBenchmark.computeIfAbsent:gc.alloc.rate.norm":
  2007.362 ±(99.9%) 393.264 B/op [Average]
  (min, avg, max) = (1739.250, 2007.362, 3149.600), stdev = 367.859
  CI (99.9%): [1614.098, 2400.626] (assumes normal distribution)

Secondary result "research.skew.BinHeadBenchmark.computeIfAbsent:gc.count":
  ≈ 0 counts


# JMH version: 1.37
# VM version: JDK 25.0.4.1, OpenJDK 64-Bit Server VM, 25.0.4.1+1-LTS
# VM invoker: /Users/jaehyeon/Library/Java/JavaVirtualMachines/temurin-25.0.4.1/Contents/Home/bin/java
# VM options: -Xms512m -Xmx512m -Djava.util.concurrent.ForkJoinPool.common.parallelism=3 --add-opens=java.base/java.util.concurrent=ALL-UNNAMED
# Blackhole mode: compiler (auto-detected, use -Djmh.blackhole.autoDetect=false to disable)
# Warmup: 5 iterations, 1 s each
# Measurement: 5 iterations, 1 s each
# Timeout: 10 min per iteration
# Threads: 1 thread, will synchronize iterations
# Benchmark mode: Average time, time/op
# Benchmark: research.skew.BinHeadBenchmark.get
# Parameters: (cardinality = 2, distribution = hot90, position = head, seed = 20260929, size = 100000)

# Run progress: 50.00% complete, ETA 00:02:03
# Fork: 1 of 3
WARNING: A terminally deprecated method in sun.misc.Unsafe has been called
WARNING: sun.misc.Unsafe::objectFieldOffset has been called by org.openjdk.jmh.util.Utils (file:/Users/jaehyeon/Documents/Obsidian%20Vault/2026/04.%ed%98%b8%ec%84%9c%eb%8c%80%ed%95%99%ea%b5%90/11.%ec%b0%a8%ec%84%b8%eb%8c%80%ec%bb%b4%ed%93%a8%ed%8c%85%ed%95%99%ed%9a%8c%eb%85%bc%eb%ac%b8/JavaStream_%ed%82%a4%ed%8e%b8%ed%96%a5/.deps/jmh-core-1.37.jar)
WARNING: Please consider reporting this to the maintainers of class org.openjdk.jmh.util.Utils
WARNING: sun.misc.Unsafe::objectFieldOffset will be removed in a future release
# Warmup Iteration   1: Layout: position=head table=32 bin0=[0, 32] poolParallelism=3
0.129 ms/op
# Warmup Iteration   2: 0.123 ms/op
# Warmup Iteration   3: 0.122 ms/op
# Warmup Iteration   4: 0.124 ms/op
# Warmup Iteration   5: 0.123 ms/op
Iteration   1: 0.121 ms/op
                 gc.alloc.rate:      11.996 MB/sec
                 gc.alloc.rate.norm: 1528.489 B/op
                 gc.count:           ≈ 0 counts

Iteration   2: 0.124 ms/op
                 gc.alloc.rate:      11.771 MB/sec
                 gc.alloc.rate.norm: 1527.860 B/op
                 gc.count:           ≈ 0 counts

Iteration   3: 0.124 ms/op
                 gc.alloc.rate:      11.744 MB/sec
                 gc.alloc.rate.norm: 1528.291 B/op
                 gc.count:           ≈ 0 counts

Iteration   4: 0.123 ms/op
                 gc.alloc.rate:      11.839 MB/sec
                 gc.alloc.rate.norm: 1528.230 B/op
                 gc.count:           ≈ 0 counts

Iteration   5: Verify: position=head table=32 bin0=[0, 32] ops=81268 sum=8126800000 OK
0.123 ms/op
                 gc.alloc.rate:      11.896 MB/sec
                 gc.alloc.rate.norm: 1529.465 B/op
                 gc.count:           ≈ 0 counts


# Run progress: 54.17% complete, ETA 00:01:53
# Fork: 2 of 3
WARNING: A terminally deprecated method in sun.misc.Unsafe has been called
WARNING: sun.misc.Unsafe::objectFieldOffset has been called by org.openjdk.jmh.util.Utils (file:/Users/jaehyeon/Documents/Obsidian%20Vault/2026/04.%ed%98%b8%ec%84%9c%eb%8c%80%ed%95%99%ea%b5%90/11.%ec%b0%a8%ec%84%b8%eb%8c%80%ec%bb%b4%ed%93%a8%ed%8c%85%ed%95%99%ed%9a%8c%eb%85%bc%eb%ac%b8/JavaStream_%ed%82%a4%ed%8e%b8%ed%96%a5/.deps/jmh-core-1.37.jar)
WARNING: Please consider reporting this to the maintainers of class org.openjdk.jmh.util.Utils
WARNING: sun.misc.Unsafe::objectFieldOffset will be removed in a future release
# Warmup Iteration   1: Layout: position=head table=32 bin0=[0, 32] poolParallelism=3
0.132 ms/op
# Warmup Iteration   2: 0.127 ms/op
# Warmup Iteration   3: 0.127 ms/op
# Warmup Iteration   4: 0.129 ms/op
# Warmup Iteration   5: 0.127 ms/op
Iteration   1: 0.127 ms/op
                 gc.alloc.rate:      11.477 MB/sec
                 gc.alloc.rate.norm: 1528.505 B/op
                 gc.count:           ≈ 0 counts

Iteration   2: 0.129 ms/op
                 gc.alloc.rate:      11.280 MB/sec
                 gc.alloc.rate.norm: 1528.112 B/op
                 gc.count:           ≈ 0 counts

Iteration   3: 0.139 ms/op
                 gc.alloc.rate:      10.469 MB/sec
                 gc.alloc.rate.norm: 1522.928 B/op
                 gc.count:           ≈ 0 counts

Iteration   4: 0.141 ms/op
                 gc.alloc.rate:      10.298 MB/sec
                 gc.alloc.rate.norm: 1522.190 B/op
                 gc.count:           ≈ 0 counts

Iteration   5: Verify: position=head table=32 bin0=[0, 32] ops=77080 sum=7708000000 OK
0.126 ms/op
                 gc.alloc.rate:      11.535 MB/sec
                 gc.alloc.rate.norm: 1529.774 B/op
                 gc.count:           ≈ 0 counts


# Run progress: 58.33% complete, ETA 00:01:42
# Fork: 3 of 3
WARNING: A terminally deprecated method in sun.misc.Unsafe has been called
WARNING: sun.misc.Unsafe::objectFieldOffset has been called by org.openjdk.jmh.util.Utils (file:/Users/jaehyeon/Documents/Obsidian%20Vault/2026/04.%ed%98%b8%ec%84%9c%eb%8c%80%ed%95%99%ea%b5%90/11.%ec%b0%a8%ec%84%b8%eb%8c%80%ec%bb%b4%ed%93%a8%ed%8c%85%ed%95%99%ed%9a%8c%eb%85%bc%eb%ac%b8/JavaStream_%ed%82%a4%ed%8e%b8%ed%96%a5/.deps/jmh-core-1.37.jar)
WARNING: Please consider reporting this to the maintainers of class org.openjdk.jmh.util.Utils
WARNING: sun.misc.Unsafe::objectFieldOffset will be removed in a future release
# Warmup Iteration   1: Layout: position=head table=32 bin0=[0, 32] poolParallelism=3
0.127 ms/op
# Warmup Iteration   2: 0.117 ms/op
# Warmup Iteration   3: 0.119 ms/op
# Warmup Iteration   4: 0.118 ms/op
# Warmup Iteration   5: 0.126 ms/op
Iteration   1: 0.124 ms/op
                 gc.alloc.rate:      11.781 MB/sec
                 gc.alloc.rate.norm: 1527.895 B/op
                 gc.count:           ≈ 0 counts

Iteration   2: 0.123 ms/op
                 gc.alloc.rate:      11.884 MB/sec
                 gc.alloc.rate.norm: 1527.648 B/op
                 gc.count:           ≈ 0 counts

Iteration   3: 0.124 ms/op
                 gc.alloc.rate:      11.765 MB/sec
                 gc.alloc.rate.norm: 1527.668 B/op
                 gc.count:           ≈ 0 counts

Iteration   4: 0.123 ms/op
                 gc.alloc.rate:      11.833 MB/sec
                 gc.alloc.rate.norm: 1528.304 B/op
                 gc.count:           ≈ 0 counts

Iteration   5: Verify: position=head table=32 bin0=[0, 32] ops=81635 sum=8163500000 OK
0.131 ms/op
                 gc.alloc.rate:      11.091 MB/sec
                 gc.alloc.rate.norm: 1528.406 B/op
                 gc.count:           ≈ 0 counts



Result "research.skew.BinHeadBenchmark.get":
  0.127 ±(99.9%) 0.006 ms/op [Average]
  (min, avg, max) = (0.121, 0.127, 0.141), stdev = 0.006
  CI (99.9%): [0.120, 0.133] (assumes normal distribution)

Secondary result "research.skew.BinHeadBenchmark.get:gc.alloc.rate":
  11.511 ±(99.9%) 0.556 MB/sec [Average]
  (min, avg, max) = (10.298, 11.511, 11.996), stdev = 0.520
  CI (99.9%): [10.955, 12.066] (assumes normal distribution)

Secondary result "research.skew.BinHeadBenchmark.get:gc.alloc.rate.norm":
  1527.584 ±(99.9%) 2.274 B/op [Average]
  (min, avg, max) = (1522.190, 1527.584, 1529.774), stdev = 2.127
  CI (99.9%): [1525.310, 1529.858] (assumes normal distribution)

Secondary result "research.skew.BinHeadBenchmark.get:gc.count":
  ≈ 0 counts


# JMH version: 1.37
# VM version: JDK 25.0.4.1, OpenJDK 64-Bit Server VM, 25.0.4.1+1-LTS
# VM invoker: /Users/jaehyeon/Library/Java/JavaVirtualMachines/temurin-25.0.4.1/Contents/Home/bin/java
# VM options: -Xms512m -Xmx512m -Djava.util.concurrent.ForkJoinPool.common.parallelism=3 --add-opens=java.base/java.util.concurrent=ALL-UNNAMED
# Blackhole mode: compiler (auto-detected, use -Djmh.blackhole.autoDetect=false to disable)
# Warmup: 5 iterations, 1 s each
# Measurement: 5 iterations, 1 s each
# Timeout: 10 min per iteration
# Threads: 1 thread, will synchronize iterations
# Benchmark mode: Average time, time/op
# Benchmark: research.skew.BinHeadBenchmark.get
# Parameters: (cardinality = 2, distribution = hot90, position = head, seed = 20260929, size = 1000000)

# Run progress: 62.50% complete, ETA 00:01:32
# Fork: 1 of 3
WARNING: A terminally deprecated method in sun.misc.Unsafe has been called
WARNING: sun.misc.Unsafe::objectFieldOffset has been called by org.openjdk.jmh.util.Utils (file:/Users/jaehyeon/Documents/Obsidian%20Vault/2026/04.%ed%98%b8%ec%84%9c%eb%8c%80%ed%95%99%ea%b5%90/11.%ec%b0%a8%ec%84%b8%eb%8c%80%ec%bb%b4%ed%93%a8%ed%8c%85%ed%95%99%ed%9a%8c%eb%85%bc%eb%ac%b8/JavaStream_%ed%82%a4%ed%8e%b8%ed%96%a5/.deps/jmh-core-1.37.jar)
WARNING: Please consider reporting this to the maintainers of class org.openjdk.jmh.util.Utils
WARNING: sun.misc.Unsafe::objectFieldOffset will be removed in a future release
# Warmup Iteration   1: Layout: position=head table=32 bin0=[0, 32] poolParallelism=3
1.193 ms/op
# Warmup Iteration   2: 1.182 ms/op
# Warmup Iteration   3: 1.220 ms/op
# Warmup Iteration   4: 1.157 ms/op
# Warmup Iteration   5: 1.180 ms/op
Iteration   1: 1.231 ms/op
                 gc.alloc.rate:      1.188 MB/sec
                 gc.alloc.rate.norm: 1533.248 B/op
                 gc.count:           ≈ 0 counts

Iteration   2: 1.200 ms/op
                 gc.alloc.rate:      1.219 MB/sec
                 gc.alloc.rate.norm: 1533.718 B/op
                 gc.count:           ≈ 0 counts

Iteration   3: 1.213 ms/op
                 gc.alloc.rate:      1.206 MB/sec
                 gc.alloc.rate.norm: 1533.520 B/op
                 gc.count:           ≈ 0 counts

Iteration   4: 1.591 ms/op
                 gc.alloc.rate:      0.920 MB/sec
                 gc.alloc.rate.norm: 1535.987 B/op
                 gc.count:           ≈ 0 counts

Iteration   5: Verify: position=head table=32 bin0=[0, 32] ops=7674 sum=7674000000 OK
3.093 ms/op
                 gc.alloc.rate:      0.484 MB/sec
                 gc.alloc.rate.norm: 1571.618 B/op
                 gc.count:           ≈ 0 counts


# Run progress: 66.67% complete, ETA 00:01:22
# Fork: 2 of 3
WARNING: A terminally deprecated method in sun.misc.Unsafe has been called
WARNING: sun.misc.Unsafe::objectFieldOffset has been called by org.openjdk.jmh.util.Utils (file:/Users/jaehyeon/Documents/Obsidian%20Vault/2026/04.%ed%98%b8%ec%84%9c%eb%8c%80%ed%95%99%ea%b5%90/11.%ec%b0%a8%ec%84%b8%eb%8c%80%ec%bb%b4%ed%93%a8%ed%8c%85%ed%95%99%ed%9a%8c%eb%85%bc%eb%ac%b8/JavaStream_%ed%82%a4%ed%8e%b8%ed%96%a5/.deps/jmh-core-1.37.jar)
WARNING: Please consider reporting this to the maintainers of class org.openjdk.jmh.util.Utils
WARNING: sun.misc.Unsafe::objectFieldOffset will be removed in a future release
# Warmup Iteration   1: Layout: position=head table=32 bin0=[0, 32] poolParallelism=3
1.443 ms/op
# Warmup Iteration   2: 1.400 ms/op
# Warmup Iteration   3: 1.338 ms/op
# Warmup Iteration   4: 1.311 ms/op
# Warmup Iteration   5: 1.310 ms/op
Iteration   1: 1.233 ms/op
                 gc.alloc.rate:      1.187 MB/sec
                 gc.alloc.rate.norm: 1534.049 B/op
                 gc.count:           ≈ 0 counts

Iteration   2: 1.250 ms/op
                 gc.alloc.rate:      1.170 MB/sec
                 gc.alloc.rate.norm: 1533.990 B/op
                 gc.count:           ≈ 0 counts

Iteration   3: 1.241 ms/op
                 gc.alloc.rate:      1.179 MB/sec
                 gc.alloc.rate.norm: 1534.711 B/op
                 gc.count:           ≈ 0 counts

Iteration   4: 1.249 ms/op
                 gc.alloc.rate:      1.171 MB/sec
                 gc.alloc.rate.norm: 1534.139 B/op
                 gc.count:           ≈ 0 counts

Iteration   5: Verify: position=head table=32 bin0=[0, 32] ops=7763 sum=7763000000 OK
1.206 ms/op
                 gc.alloc.rate:      1.221 MB/sec
                 gc.alloc.rate.norm: 1545.104 B/op
                 gc.count:           ≈ 0 counts


# Run progress: 70.83% complete, ETA 00:01:11
# Fork: 3 of 3
WARNING: A terminally deprecated method in sun.misc.Unsafe has been called
WARNING: sun.misc.Unsafe::objectFieldOffset has been called by org.openjdk.jmh.util.Utils (file:/Users/jaehyeon/Documents/Obsidian%20Vault/2026/04.%ed%98%b8%ec%84%9c%eb%8c%80%ed%95%99%ea%b5%90/11.%ec%b0%a8%ec%84%b8%eb%8c%80%ec%bb%b4%ed%93%a8%ed%8c%85%ed%95%99%ed%9a%8c%eb%85%bc%eb%ac%b8/JavaStream_%ed%82%a4%ed%8e%b8%ed%96%a5/.deps/jmh-core-1.37.jar)
WARNING: Please consider reporting this to the maintainers of class org.openjdk.jmh.util.Utils
WARNING: sun.misc.Unsafe::objectFieldOffset will be removed in a future release
# Warmup Iteration   1: Layout: position=head table=32 bin0=[0, 32] poolParallelism=3
1.180 ms/op
# Warmup Iteration   2: 1.162 ms/op
# Warmup Iteration   3: 1.160 ms/op
# Warmup Iteration   4: 1.159 ms/op
# Warmup Iteration   5: 1.168 ms/op
Iteration   1: 1.168 ms/op
                 gc.alloc.rate:      1.251 MB/sec
                 gc.alloc.rate.norm: 1532.395 B/op
                 gc.count:           ≈ 0 counts

Iteration   2: 1.155 ms/op
                 gc.alloc.rate:      1.265 MB/sec
                 gc.alloc.rate.norm: 1531.600 B/op
                 gc.count:           ≈ 0 counts

Iteration   3: 1.153 ms/op
                 gc.alloc.rate:      1.265 MB/sec
                 gc.alloc.rate.norm: 1529.613 B/op
                 gc.count:           ≈ 0 counts

Iteration   4: 1.157 ms/op
                 gc.alloc.rate:      1.261 MB/sec
                 gc.alloc.rate.norm: 1529.620 B/op
                 gc.count:           ≈ 0 counts

Iteration   5: Verify: position=head table=32 bin0=[0, 32] ops=8658 sum=8658000000 OK
1.152 ms/op
                 gc.alloc.rate:      1.275 MB/sec
                 gc.alloc.rate.norm: 1540.473 B/op
                 gc.count:           ≈ 0 counts



Result "research.skew.BinHeadBenchmark.get":
  1.353 ±(99.9%) 0.527 ms/op [Average]
  (min, avg, max) = (1.152, 1.353, 3.093), stdev = 0.493
  CI (99.9%): [0.825, 1.880] (assumes normal distribution)

Secondary result "research.skew.BinHeadBenchmark.get:gc.alloc.rate":
  1.151 ±(99.9%) 0.217 MB/sec [Average]
  (min, avg, max) = (0.484, 1.151, 1.275), stdev = 0.203
  CI (99.9%): [0.933, 1.368] (assumes normal distribution)

Secondary result "research.skew.BinHeadBenchmark.get:gc.alloc.rate.norm":
  1536.919 ±(99.9%) 11.083 B/op [Average]
  (min, avg, max) = (1529.613, 1536.919, 1571.618), stdev = 10.367
  CI (99.9%): [1525.836, 1548.002] (assumes normal distribution)

Secondary result "research.skew.BinHeadBenchmark.get:gc.count":
  ≈ 0 counts


# JMH version: 1.37
# VM version: JDK 25.0.4.1, OpenJDK 64-Bit Server VM, 25.0.4.1+1-LTS
# VM invoker: /Users/jaehyeon/Library/Java/JavaVirtualMachines/temurin-25.0.4.1/Contents/Home/bin/java
# VM options: -Xms512m -Xmx512m -Djava.util.concurrent.ForkJoinPool.common.parallelism=3 --add-opens=java.base/java.util.concurrent=ALL-UNNAMED
# Blackhole mode: compiler (auto-detected, use -Djmh.blackhole.autoDetect=false to disable)
# Warmup: 5 iterations, 1 s each
# Measurement: 5 iterations, 1 s each
# Timeout: 10 min per iteration
# Threads: 1 thread, will synchronize iterations
# Benchmark mode: Average time, time/op
# Benchmark: research.skew.BinHeadBenchmark.get
# Parameters: (cardinality = 2, distribution = hot90, position = second, seed = 20260929, size = 100000)

# Run progress: 75.00% complete, ETA 00:01:01
# Fork: 1 of 3
WARNING: A terminally deprecated method in sun.misc.Unsafe has been called
WARNING: sun.misc.Unsafe::objectFieldOffset has been called by org.openjdk.jmh.util.Utils (file:/Users/jaehyeon/Documents/Obsidian%20Vault/2026/04.%ed%98%b8%ec%84%9c%eb%8c%80%ed%95%99%ea%b5%90/11.%ec%b0%a8%ec%84%b8%eb%8c%80%ec%bb%b4%ed%93%a8%ed%8c%85%ed%95%99%ed%9a%8c%eb%85%bc%eb%ac%b8/JavaStream_%ed%82%a4%ed%8e%b8%ed%96%a5/.deps/jmh-core-1.37.jar)
WARNING: Please consider reporting this to the maintainers of class org.openjdk.jmh.util.Utils
WARNING: sun.misc.Unsafe::objectFieldOffset will be removed in a future release
# Warmup Iteration   1: Layout: position=second table=32 bin0=[32, 0] poolParallelism=3
0.134 ms/op
# Warmup Iteration   2: 0.128 ms/op
# Warmup Iteration   3: 0.128 ms/op
# Warmup Iteration   4: 0.129 ms/op
# Warmup Iteration   5: 0.129 ms/op
Iteration   1: 0.129 ms/op
                 gc.alloc.rate:      11.313 MB/sec
                 gc.alloc.rate.norm: 1527.218 B/op
                 gc.count:           ≈ 0 counts

Iteration   2: 0.128 ms/op
                 gc.alloc.rate:      11.351 MB/sec
                 gc.alloc.rate.norm: 1527.230 B/op
                 gc.count:           ≈ 0 counts

Iteration   3: 0.129 ms/op
                 gc.alloc.rate:      11.327 MB/sec
                 gc.alloc.rate.norm: 1527.360 B/op
                 gc.count:           ≈ 0 counts

Iteration   4: 0.129 ms/op
                 gc.alloc.rate:      11.330 MB/sec
                 gc.alloc.rate.norm: 1527.299 B/op
                 gc.count:           ≈ 0 counts

Iteration   5: Verify: position=second table=32 bin0=[32, 0] ops=77801 sum=7780100000 OK
0.129 ms/op
                 gc.alloc.rate:      11.312 MB/sec
                 gc.alloc.rate.norm: 1528.310 B/op
                 gc.count:           ≈ 0 counts


# Run progress: 79.17% complete, ETA 00:00:51
# Fork: 2 of 3
WARNING: A terminally deprecated method in sun.misc.Unsafe has been called
WARNING: sun.misc.Unsafe::objectFieldOffset has been called by org.openjdk.jmh.util.Utils (file:/Users/jaehyeon/Documents/Obsidian%20Vault/2026/04.%ed%98%b8%ec%84%9c%eb%8c%80%ed%95%99%ea%b5%90/11.%ec%b0%a8%ec%84%b8%eb%8c%80%ec%bb%b4%ed%93%a8%ed%8c%85%ed%95%99%ed%9a%8c%eb%85%bc%eb%ac%b8/JavaStream_%ed%82%a4%ed%8e%b8%ed%96%a5/.deps/jmh-core-1.37.jar)
WARNING: Please consider reporting this to the maintainers of class org.openjdk.jmh.util.Utils
WARNING: sun.misc.Unsafe::objectFieldOffset will be removed in a future release
# Warmup Iteration   1: Layout: position=second table=32 bin0=[32, 0] poolParallelism=3
0.136 ms/op
# Warmup Iteration   2: 0.129 ms/op
# Warmup Iteration   3: 0.129 ms/op
# Warmup Iteration   4: 0.130 ms/op
# Warmup Iteration   5: 0.130 ms/op
Iteration   1: 0.130 ms/op
                 gc.alloc.rate:      11.202 MB/sec
                 gc.alloc.rate.norm: 1527.965 B/op
                 gc.count:           ≈ 0 counts

Iteration   2: 0.130 ms/op
                 gc.alloc.rate:      11.237 MB/sec
                 gc.alloc.rate.norm: 1528.182 B/op
                 gc.count:           ≈ 0 counts

Iteration   3: 0.129 ms/op
                 gc.alloc.rate:      11.255 MB/sec
                 gc.alloc.rate.norm: 1528.320 B/op
                 gc.count:           ≈ 0 counts

Iteration   4: 0.130 ms/op
                 gc.alloc.rate:      11.184 MB/sec
                 gc.alloc.rate.norm: 1528.164 B/op
                 gc.count:           ≈ 0 counts

Iteration   5: Verify: position=second table=32 bin0=[32, 0] ops=77165 sum=7716500000 OK
0.130 ms/op
                 gc.alloc.rate:      11.200 MB/sec
                 gc.alloc.rate.norm: 1529.413 B/op
                 gc.count:           ≈ 0 counts


# Run progress: 83.33% complete, ETA 00:00:41
# Fork: 3 of 3
WARNING: A terminally deprecated method in sun.misc.Unsafe has been called
WARNING: sun.misc.Unsafe::objectFieldOffset has been called by org.openjdk.jmh.util.Utils (file:/Users/jaehyeon/Documents/Obsidian%20Vault/2026/04.%ed%98%b8%ec%84%9c%eb%8c%80%ed%95%99%ea%b5%90/11.%ec%b0%a8%ec%84%b8%eb%8c%80%ec%bb%b4%ed%93%a8%ed%8c%85%ed%95%99%ed%9a%8c%eb%85%bc%eb%ac%b8/JavaStream_%ed%82%a4%ed%8e%b8%ed%96%a5/.deps/jmh-core-1.37.jar)
WARNING: Please consider reporting this to the maintainers of class org.openjdk.jmh.util.Utils
WARNING: sun.misc.Unsafe::objectFieldOffset will be removed in a future release
# Warmup Iteration   1: Layout: position=second table=32 bin0=[32, 0] poolParallelism=3
0.138 ms/op
# Warmup Iteration   2: 0.132 ms/op
# Warmup Iteration   3: 0.133 ms/op
# Warmup Iteration   4: 0.134 ms/op
# Warmup Iteration   5: 0.134 ms/op
Iteration   1: 0.135 ms/op
                 gc.alloc.rate:      10.783 MB/sec
                 gc.alloc.rate.norm: 1528.307 B/op
                 gc.count:           ≈ 0 counts

Iteration   2: 0.135 ms/op
                 gc.alloc.rate:      10.827 MB/sec
                 gc.alloc.rate.norm: 1528.484 B/op
                 gc.count:           ≈ 0 counts

Iteration   3: 0.134 ms/op
                 gc.alloc.rate:      10.884 MB/sec
                 gc.alloc.rate.norm: 1528.594 B/op
                 gc.count:           ≈ 0 counts

Iteration   4: 0.135 ms/op
                 gc.alloc.rate:      10.829 MB/sec
                 gc.alloc.rate.norm: 1528.612 B/op
                 gc.count:           ≈ 0 counts

Iteration   5: Verify: position=second table=32 bin0=[32, 0] ops=74750 sum=7475000000 OK
0.134 ms/op
                 gc.alloc.rate:      10.873 MB/sec
                 gc.alloc.rate.norm: 1529.828 B/op
                 gc.count:           ≈ 0 counts



Result "research.skew.BinHeadBenchmark.get":
  0.131 ±(99.9%) 0.003 ms/op [Average]
  (min, avg, max) = (0.128, 0.131, 0.135), stdev = 0.003
  CI (99.9%): [0.128, 0.134] (assumes normal distribution)

Secondary result "research.skew.BinHeadBenchmark.get:gc.alloc.rate":
  11.127 ±(99.9%) 0.233 MB/sec [Average]
  (min, avg, max) = (10.783, 11.127, 11.351), stdev = 0.218
  CI (99.9%): [10.894, 11.360] (assumes normal distribution)

Secondary result "research.skew.BinHeadBenchmark.get:gc.alloc.rate.norm":
  1528.219 ±(99.9%) 0.810 B/op [Average]
  (min, avg, max) = (1527.218, 1528.219, 1529.828), stdev = 0.758
  CI (99.9%): [1527.409, 1529.029] (assumes normal distribution)

Secondary result "research.skew.BinHeadBenchmark.get:gc.count":
  ≈ 0 counts


# JMH version: 1.37
# VM version: JDK 25.0.4.1, OpenJDK 64-Bit Server VM, 25.0.4.1+1-LTS
# VM invoker: /Users/jaehyeon/Library/Java/JavaVirtualMachines/temurin-25.0.4.1/Contents/Home/bin/java
# VM options: -Xms512m -Xmx512m -Djava.util.concurrent.ForkJoinPool.common.parallelism=3 --add-opens=java.base/java.util.concurrent=ALL-UNNAMED
# Blackhole mode: compiler (auto-detected, use -Djmh.blackhole.autoDetect=false to disable)
# Warmup: 5 iterations, 1 s each
# Measurement: 5 iterations, 1 s each
# Timeout: 10 min per iteration
# Threads: 1 thread, will synchronize iterations
# Benchmark mode: Average time, time/op
# Benchmark: research.skew.BinHeadBenchmark.get
# Parameters: (cardinality = 2, distribution = hot90, position = second, seed = 20260929, size = 1000000)

# Run progress: 87.50% complete, ETA 00:00:30
# Fork: 1 of 3
WARNING: A terminally deprecated method in sun.misc.Unsafe has been called
WARNING: sun.misc.Unsafe::objectFieldOffset has been called by org.openjdk.jmh.util.Utils (file:/Users/jaehyeon/Documents/Obsidian%20Vault/2026/04.%ed%98%b8%ec%84%9c%eb%8c%80%ed%95%99%ea%b5%90/11.%ec%b0%a8%ec%84%b8%eb%8c%80%ec%bb%b4%ed%93%a8%ed%8c%85%ed%95%99%ed%9a%8c%eb%85%bc%eb%ac%b8/JavaStream_%ed%82%a4%ed%8e%b8%ed%96%a5/.deps/jmh-core-1.37.jar)
WARNING: Please consider reporting this to the maintainers of class org.openjdk.jmh.util.Utils
WARNING: sun.misc.Unsafe::objectFieldOffset will be removed in a future release
# Warmup Iteration   1: Layout: position=second table=32 bin0=[32, 0] poolParallelism=3
1.295 ms/op
# Warmup Iteration   2: 1.291 ms/op
# Warmup Iteration   3: 1.292 ms/op
# Warmup Iteration   4: 1.293 ms/op
# Warmup Iteration   5: 1.300 ms/op
Iteration   1: 1.301 ms/op
                 gc.alloc.rate:      1.114 MB/sec
                 gc.alloc.rate.norm: 1520.041 B/op
                 gc.count:           ≈ 0 counts

Iteration   2: 1.295 ms/op
                 gc.alloc.rate:      1.120 MB/sec
                 gc.alloc.rate.norm: 1520.700 B/op
                 gc.count:           ≈ 0 counts

Iteration   3: 1.289 ms/op
                 gc.alloc.rate:      1.124 MB/sec
                 gc.alloc.rate.norm: 1520.267 B/op
                 gc.count:           ≈ 0 counts

Iteration   4: 1.287 ms/op
                 gc.alloc.rate:      1.128 MB/sec
                 gc.alloc.rate.norm: 1521.637 B/op
                 gc.count:           ≈ 0 counts

Iteration   5: Verify: position=second table=32 bin0=[32, 0] ops=7762 sum=7762000000 OK
1.299 ms/op
                 gc.alloc.rate:      1.124 MB/sec
                 gc.alloc.rate.norm: 1531.632 B/op
                 gc.count:           ≈ 0 counts


# Run progress: 91.67% complete, ETA 00:00:20
# Fork: 2 of 3
WARNING: A terminally deprecated method in sun.misc.Unsafe has been called
WARNING: sun.misc.Unsafe::objectFieldOffset has been called by org.openjdk.jmh.util.Utils (file:/Users/jaehyeon/Documents/Obsidian%20Vault/2026/04.%ed%98%b8%ec%84%9c%eb%8c%80%ed%95%99%ea%b5%90/11.%ec%b0%a8%ec%84%b8%eb%8c%80%ec%bb%b4%ed%93%a8%ed%8c%85%ed%95%99%ed%9a%8c%eb%85%bc%eb%ac%b8/JavaStream_%ed%82%a4%ed%8e%b8%ed%96%a5/.deps/jmh-core-1.37.jar)
WARNING: Please consider reporting this to the maintainers of class org.openjdk.jmh.util.Utils
WARNING: sun.misc.Unsafe::objectFieldOffset will be removed in a future release
# Warmup Iteration   1: Layout: position=second table=32 bin0=[32, 0] poolParallelism=3
1.324 ms/op
# Warmup Iteration   2: 1.242 ms/op
# Warmup Iteration   3: 1.243 ms/op
# Warmup Iteration   4: 1.262 ms/op
# Warmup Iteration   5: 1.243 ms/op
Iteration   1: 1.254 ms/op
                 gc.alloc.rate:      1.168 MB/sec
                 gc.alloc.rate.norm: 1536.489 B/op
                 gc.count:           ≈ 0 counts

Iteration   2: 1.241 ms/op
                 gc.alloc.rate:      1.181 MB/sec
                 gc.alloc.rate.norm: 1536.583 B/op
                 gc.count:           ≈ 0 counts

Iteration   3: 1.238 ms/op
                 gc.alloc.rate:      1.183 MB/sec
                 gc.alloc.rate.norm: 1536.148 B/op
                 gc.count:           ≈ 0 counts

Iteration   4: 1.240 ms/op
                 gc.alloc.rate:      1.182 MB/sec
                 gc.alloc.rate.norm: 1536.504 B/op
                 gc.count:           ≈ 0 counts

Iteration   5: Verify: position=second table=32 bin0=[32, 0] ops=8028 sum=8028000000 OK
1.237 ms/op
                 gc.alloc.rate:      1.193 MB/sec
                 gc.alloc.rate.norm: 1547.710 B/op
                 gc.count:           ≈ 0 counts


# Run progress: 95.83% complete, ETA 00:00:10
# Fork: 3 of 3
WARNING: A terminally deprecated method in sun.misc.Unsafe has been called
WARNING: sun.misc.Unsafe::objectFieldOffset has been called by org.openjdk.jmh.util.Utils (file:/Users/jaehyeon/Documents/Obsidian%20Vault/2026/04.%ed%98%b8%ec%84%9c%eb%8c%80%ed%95%99%ea%b5%90/11.%ec%b0%a8%ec%84%b8%eb%8c%80%ec%bb%b4%ed%93%a8%ed%8c%85%ed%95%99%ed%9a%8c%eb%85%bc%eb%ac%b8/JavaStream_%ed%82%a4%ed%8e%b8%ed%96%a5/.deps/jmh-core-1.37.jar)
WARNING: Please consider reporting this to the maintainers of class org.openjdk.jmh.util.Utils
WARNING: sun.misc.Unsafe::objectFieldOffset will be removed in a future release
# Warmup Iteration   1: Layout: position=second table=32 bin0=[32, 0] poolParallelism=3
1.280 ms/op
# Warmup Iteration   2: 1.235 ms/op
# Warmup Iteration   3: 1.225 ms/op
# Warmup Iteration   4: 1.223 ms/op
# Warmup Iteration   5: 1.224 ms/op
Iteration   1: 1.225 ms/op
                 gc.alloc.rate:      1.192 MB/sec
                 gc.alloc.rate.norm: 1531.118 B/op
                 gc.count:           ≈ 0 counts

Iteration   2: 1.225 ms/op
                 gc.alloc.rate:      1.192 MB/sec
                 gc.alloc.rate.norm: 1531.147 B/op
                 gc.count:           ≈ 0 counts

Iteration   3: 1.233 ms/op
                 gc.alloc.rate:      1.185 MB/sec
                 gc.alloc.rate.norm: 1531.814 B/op
                 gc.count:           ≈ 0 counts

Iteration   4: 1.225 ms/op
                 gc.alloc.rate:      1.193 MB/sec
                 gc.alloc.rate.norm: 1531.995 B/op
                 gc.count:           ≈ 0 counts

Iteration   5: Verify: position=second table=32 bin0=[32, 0] ops=8156 sum=8156000000 OK
1.238 ms/op
                 gc.alloc.rate:      1.188 MB/sec
                 gc.alloc.rate.norm: 1542.946 B/op
                 gc.count:           ≈ 0 counts



Result "research.skew.BinHeadBenchmark.get":
  1.255 ±(99.9%) 0.032 ms/op [Average]
  (min, avg, max) = (1.225, 1.255, 1.301), stdev = 0.030
  CI (99.9%): [1.223, 1.287] (assumes normal distribution)

Secondary result "research.skew.BinHeadBenchmark.get:gc.alloc.rate":
  1.164 ±(99.9%) 0.034 MB/sec [Average]
  (min, avg, max) = (1.114, 1.164, 1.193), stdev = 0.032
  CI (99.9%): [1.130, 1.199] (assumes normal distribution)

Secondary result "research.skew.BinHeadBenchmark.get:gc.alloc.rate.norm":
  1531.782 ±(99.9%) 8.862 B/op [Average]
  (min, avg, max) = (1520.041, 1531.782, 1547.710), stdev = 8.289
  CI (99.9%): [1522.920, 1540.644] (assumes normal distribution)

Secondary result "research.skew.BinHeadBenchmark.get:gc.count":
  ≈ 0 counts


# Run complete. Total time: 00:04:06

REMEMBER: The numbers below are just data. To gain reusable insights, you need to follow up on
why the numbers are the way they are. Use profilers (see -prof, -lprof), design factorial
experiments, perform baseline and negative tests that provide experimental control, make sure
the benchmarking environment is safe on JVM/OS/HW level, ask for reviews from the domain experts.
Do not assume the numbers tell you what you want them to tell.

NOTE: Current JVM experimentally supports Compiler Blackholes, and they are in use. Please exercise
extra caution when trusting the results, look into the generated code to check the benchmark still
works, and factor in a small probability of new VM bugs. Additionally, while comparisons between
different JVMs are already problematic, the performance difference caused by different Blackhole
modes can be very significant. Please make sure you use the consistent Blackhole mode for comparisons.

Benchmark                                            (cardinality)  (distribution)  (position)    (seed)   (size)  Mode  Cnt     Score     Error   Units
BinHeadBenchmark.computeIfAbsent                                 2           hot90        head  20260929   100000  avgt   15     0.796 ±   0.036   ms/op
BinHeadBenchmark.computeIfAbsent:gc.alloc.rate                   2           hot90        head  20260929   100000  avgt   15     1.834 ±   0.086  MB/sec
BinHeadBenchmark.computeIfAbsent:gc.alloc.rate.norm              2           hot90        head  20260929   100000  avgt   15  1529.014 ±   3.135    B/op
BinHeadBenchmark.computeIfAbsent:gc.count                        2           hot90        head  20260929   100000  avgt   15       ≈ 0            counts
BinHeadBenchmark.computeIfAbsent                                 2           hot90        head  20260929  1000000  avgt   15     8.439 ±   0.517   ms/op
BinHeadBenchmark.computeIfAbsent:gc.alloc.rate                   2           hot90        head  20260929  1000000  avgt   15     0.181 ±   0.011  MB/sec
BinHeadBenchmark.computeIfAbsent:gc.alloc.rate.norm              2           hot90        head  20260929  1000000  avgt   15  1596.080 ±  34.669    B/op
BinHeadBenchmark.computeIfAbsent:gc.count                        2           hot90        head  20260929  1000000  avgt   15       ≈ 0            counts
BinHeadBenchmark.computeIfAbsent                                 2           hot90      second  20260929   100000  avgt   15     3.381 ±   0.104   ms/op
BinHeadBenchmark.computeIfAbsent:gc.alloc.rate                   2           hot90      second  20260929   100000  avgt   15     0.438 ±   0.014  MB/sec
BinHeadBenchmark.computeIfAbsent:gc.alloc.rate.norm              2           hot90      second  20260929   100000  avgt   15  1551.956 ±  13.915    B/op
BinHeadBenchmark.computeIfAbsent:gc.count                        2           hot90      second  20260929   100000  avgt   15       ≈ 0            counts
BinHeadBenchmark.computeIfAbsent                                 2           hot90      second  20260929  1000000  avgt   15    56.853 ±  33.450   ms/op
BinHeadBenchmark.computeIfAbsent:gc.alloc.rate                   2           hot90      second  20260929  1000000  avgt   15     0.040 ±   0.015  MB/sec
BinHeadBenchmark.computeIfAbsent:gc.alloc.rate.norm              2           hot90      second  20260929  1000000  avgt   15  2007.362 ± 393.264    B/op
BinHeadBenchmark.computeIfAbsent:gc.count                        2           hot90      second  20260929  1000000  avgt   15       ≈ 0            counts
BinHeadBenchmark.get                                             2           hot90        head  20260929   100000  avgt   15     0.127 ±   0.006   ms/op
BinHeadBenchmark.get:gc.alloc.rate                               2           hot90        head  20260929   100000  avgt   15    11.511 ±   0.556  MB/sec
BinHeadBenchmark.get:gc.alloc.rate.norm                          2           hot90        head  20260929   100000  avgt   15  1527.584 ±   2.274    B/op
BinHeadBenchmark.get:gc.count                                    2           hot90        head  20260929   100000  avgt   15       ≈ 0            counts
BinHeadBenchmark.get                                             2           hot90        head  20260929  1000000  avgt   15     1.353 ±   0.527   ms/op
BinHeadBenchmark.get:gc.alloc.rate                               2           hot90        head  20260929  1000000  avgt   15     1.151 ±   0.217  MB/sec
BinHeadBenchmark.get:gc.alloc.rate.norm                          2           hot90        head  20260929  1000000  avgt   15  1536.919 ±  11.083    B/op
BinHeadBenchmark.get:gc.count                                    2           hot90        head  20260929  1000000  avgt   15       ≈ 0            counts
BinHeadBenchmark.get                                             2           hot90      second  20260929   100000  avgt   15     0.131 ±   0.003   ms/op
BinHeadBenchmark.get:gc.alloc.rate                               2           hot90      second  20260929   100000  avgt   15    11.127 ±   0.233  MB/sec
BinHeadBenchmark.get:gc.alloc.rate.norm                          2           hot90      second  20260929   100000  avgt   15  1528.219 ±   0.810    B/op
BinHeadBenchmark.get:gc.count                                    2           hot90      second  20260929   100000  avgt   15       ≈ 0            counts
BinHeadBenchmark.get                                             2           hot90      second  20260929  1000000  avgt   15     1.255 ±   0.032   ms/op
BinHeadBenchmark.get:gc.alloc.rate                               2           hot90      second  20260929  1000000  avgt   15     1.164 ±   0.034  MB/sec
BinHeadBenchmark.get:gc.alloc.rate.norm                          2           hot90      second  20260929  1000000  avgt   15  1531.782 ±   8.862    B/op
BinHeadBenchmark.get:gc.count                                    2           hot90      second  20260929  1000000  avgt   15       ≈ 0            counts

Benchmark result is saved to results-e3/full-20260930T075727Z.R9eAkc/jmh.json
