WARNING: A terminally deprecated method in sun.misc.Unsafe has been called
WARNING: sun.misc.Unsafe::objectFieldOffset has been called by org.openjdk.jmh.util.Utils (file:/private/tmp/java-stream-skew.V15Nmp/.deps/jmh-core-1.37.jar)
WARNING: Please consider reporting this to the maintainers of class org.openjdk.jmh.util.Utils
WARNING: sun.misc.Unsafe::objectFieldOffset will be removed in a future release
ERROR: org.openjdk.jmh.runner.RunnerException: Benchmark caught the exception
	at org.openjdk.jmh.runner.Runner.runBenchmarks(Runner.java:572)
	at org.openjdk.jmh.runner.Runner.internalRun(Runner.java:309)
	at org.openjdk.jmh.runner.Runner.run(Runner.java:208)
	at org.openjdk.jmh.Main.main(Main.java:71)
Caused by: org.openjdk.jmh.runner.BenchmarkException: Benchmark error
	at org.openjdk.jmh.runner.Runner.runSeparate(Runner.java:696)
	at org.openjdk.jmh.runner.Runner.runBenchmarks(Runner.java:555)
	... 3 more
	Suppressed: java.net.SocketException: Operation not permitted
		at java.base/sun.nio.ch.Net.bind0(Native Method)
		at java.base/sun.nio.ch.Net.bind(Net.java:511)
		at java.base/sun.nio.ch.Net.bind(Net.java:500)
		at java.base/sun.nio.ch.NioSocketImpl.bind(NioSocketImpl.java:630)
		at java.base/java.net.ServerSocket.bind(ServerSocket.java:326)
		at java.base/java.net.ServerSocket.<init>(ServerSocket.java:222)
		at org.openjdk.jmh.runner.link.BinaryLinkServer$Acceptor.<init>(BinaryLinkServer.java:214)
		at org.openjdk.jmh.runner.link.BinaryLinkServer.<init>(BinaryLinkServer.java:101)
		at org.openjdk.jmh.runner.Runner.runSeparate(Runner.java:593)
		... 4 more
