WARNING: A terminally deprecated method in sun.misc.Unsafe has been called
WARNING: sun.misc.Unsafe::objectFieldOffset has been called by org.openjdk.jmh.util.Utils (file:/Users/jaehyeon/Documents/Obsidian%20Vault/2026/04.%ed%98%b8%ec%84%9c%eb%8c%80%ed%95%99%ea%b5%90/11.%ec%b0%a8%ec%84%b8%eb%8c%80%ec%bb%b4%ed%93%a8%ed%8c%85%ed%95%99%ed%9a%8c%eb%85%bc%eb%ac%b8/JavaStream_%ed%82%a4%ed%8e%b8%ed%96%a5/.deps/jmh-core-1.37.jar)
WARNING: Please consider reporting this to the maintainers of class org.openjdk.jmh.util.Utils
WARNING: sun.misc.Unsafe::objectFieldOffset will be removed in a future release
# JMH version: 1.37
# VM version: JDK 25.0.4.1, OpenJDK 64-Bit Server VM, 25.0.4.1+1-LTS
# VM invoker: /Users/jaehyeon/Library/Java/JavaVirtualMachines/temurin-25.0.4.1/Contents/Home/bin/java
# VM options: -Xms512m -Xmx512m -Djava.util.concurrent.ForkJoinPool.common.parallelism=3
# Blackhole mode: compiler (auto-detected, use -Djmh.blackhole.autoDetect=false to disable)
# Warmup: 5 iterations, 1 s each
# Measurement: 5 iterations, 1 s each
# Timeout: 10 min per iteration
# Threads: 1 thread, will synchronize iterations
# Benchmark mode: Average time, time/op
# Benchmark: research.skew.AggregationBenchmark.parallelConcurrentAdder
# Parameters: (cardinality = 256, distribution = uniform, seed = 20260929, size = 10000)

# Run progress: 0.00% complete, ETA 00:04:30
# Fork: 1 of 3
WARNING: A terminally deprecated method in sun.misc.Unsafe has been called
WARNING: sun.misc.Unsafe::objectFieldOffset has been called by org.openjdk.jmh.util.Utils (file:/Users/jaehyeon/Documents/Obsidian%20Vault/2026/04.%ed%98%b8%ec%84%9c%eb%8c%80%ed%95%99%ea%b5%90/11.%ec%b0%a8%ec%84%b8%eb%8c%80%ec%bb%b4%ed%93%a8%ed%8c%85%ed%95%99%ed%9a%8c%eb%85%bc%eb%ac%b8/JavaStream_%ed%82%a4%ed%8e%b8%ed%96%a5/.deps/jmh-core-1.37.jar)
WARNING: Please consider reporting this to the maintainers of class org.openjdk.jmh.util.Utils
WARNING: sun.misc.Unsafe::objectFieldOffset will be removed in a future release
# Warmup Iteration   1: Input: n=10000, keys=256, observedHotFraction=0.004000, poolParallelism=3, availableProcessors=10
0.121 ms/op
# Warmup Iteration   2: 0.114 ms/op
# Warmup Iteration   3: 0.112 ms/op
# Warmup Iteration   4: 0.111 ms/op
# Warmup Iteration   5: 0.111 ms/op
Iteration   1: 0.112 ms/op
                 gc.alloc.rate:      1954.095 MB/sec
                 gc.alloc.rate.norm: 228535.352 B/op
                 gc.count:           7.000 counts
                 gc.time:            3.000 ms

Iteration   2: 0.111 ms/op
                 gc.alloc.rate:      1970.729 MB/sec
                 gc.alloc.rate.norm: 228634.544 B/op
                 gc.count:           6.000 counts
                 gc.time:            2.000 ms

Iteration   3: 0.111 ms/op
                 gc.alloc.rate:      1973.803 MB/sec
                 gc.alloc.rate.norm: 228730.751 B/op
                 gc.count:           7.000 counts
                 gc.time:            3.000 ms

Iteration   4: 0.110 ms/op
                 gc.alloc.rate:      1980.574 MB/sec
                 gc.alloc.rate.norm: 228685.295 B/op
                 gc.count:           6.000 counts
                 gc.time:            2.000 ms

Iteration   5: 0.110 ms/op
                 gc.alloc.rate:      1979.805 MB/sec
                 gc.alloc.rate.norm: 228753.187 B/op
                 gc.count:           7.000 counts
                 gc.time:            3.000 ms


# Run progress: 3.70% complete, ETA 00:04:25
# Fork: 2 of 3
WARNING: A terminally deprecated method in sun.misc.Unsafe has been called
WARNING: sun.misc.Unsafe::objectFieldOffset has been called by org.openjdk.jmh.util.Utils (file:/Users/jaehyeon/Documents/Obsidian%20Vault/2026/04.%ed%98%b8%ec%84%9c%eb%8c%80%ed%95%99%ea%b5%90/11.%ec%b0%a8%ec%84%b8%eb%8c%80%ec%bb%b4%ed%93%a8%ed%8c%85%ed%95%99%ed%9a%8c%eb%85%bc%eb%ac%b8/JavaStream_%ed%82%a4%ed%8e%b8%ed%96%a5/.deps/jmh-core-1.37.jar)
WARNING: Please consider reporting this to the maintainers of class org.openjdk.jmh.util.Utils
WARNING: sun.misc.Unsafe::objectFieldOffset will be removed in a future release
# Warmup Iteration   1: Input: n=10000, keys=256, observedHotFraction=0.004000, poolParallelism=3, availableProcessors=10
0.116 ms/op
# Warmup Iteration   2: 0.110 ms/op
# Warmup Iteration   3: 0.110 ms/op
# Warmup Iteration   4: 0.111 ms/op
# Warmup Iteration   5: 0.109 ms/op
Iteration   1: 0.109 ms/op
                 gc.alloc.rate:      2008.668 MB/sec
                 gc.alloc.rate.norm: 229440.721 B/op
                 gc.count:           7.000 counts
                 gc.time:            3.000 ms

Iteration   2: 0.109 ms/op
                 gc.alloc.rate:      2008.721 MB/sec
                 gc.alloc.rate.norm: 229382.304 B/op
                 gc.count:           7.000 counts
                 gc.time:            2.000 ms

Iteration   3: 0.109 ms/op
                 gc.alloc.rate:      2010.587 MB/sec
                 gc.alloc.rate.norm: 229486.239 B/op
                 gc.count:           6.000 counts
                 gc.time:            3.000 ms

Iteration   4: 0.114 ms/op
                 gc.alloc.rate:      1911.208 MB/sec
                 gc.alloc.rate.norm: 228377.225 B/op
                 gc.count:           6.000 counts
                 gc.time:            2.000 ms

Iteration   5: 0.109 ms/op
                 gc.alloc.rate:      2003.711 MB/sec
                 gc.alloc.rate.norm: 229562.048 B/op
                 gc.count:           7.000 counts
                 gc.time:            3.000 ms


# Run progress: 7.41% complete, ETA 00:04:14
# Fork: 3 of 3
WARNING: A terminally deprecated method in sun.misc.Unsafe has been called
WARNING: sun.misc.Unsafe::objectFieldOffset has been called by org.openjdk.jmh.util.Utils (file:/Users/jaehyeon/Documents/Obsidian%20Vault/2026/04.%ed%98%b8%ec%84%9c%eb%8c%80%ed%95%99%ea%b5%90/11.%ec%b0%a8%ec%84%b8%eb%8c%80%ec%bb%b4%ed%93%a8%ed%8c%85%ed%95%99%ed%9a%8c%eb%85%bc%eb%ac%b8/JavaStream_%ed%82%a4%ed%8e%b8%ed%96%a5/.deps/jmh-core-1.37.jar)
WARNING: Please consider reporting this to the maintainers of class org.openjdk.jmh.util.Utils
WARNING: sun.misc.Unsafe::objectFieldOffset will be removed in a future release
# Warmup Iteration   1: Input: n=10000, keys=256, observedHotFraction=0.004000, poolParallelism=3, availableProcessors=10
0.120 ms/op
# Warmup Iteration   2: 0.113 ms/op
# Warmup Iteration   3: 0.116 ms/op
# Warmup Iteration   4: 0.120 ms/op
# Warmup Iteration   5: 0.112 ms/op
Iteration   1: 0.110 ms/op
                 gc.alloc.rate:      1981.480 MB/sec
                 gc.alloc.rate.norm: 228689.843 B/op
                 gc.count:           6.000 counts
                 gc.time:            3.000 ms

Iteration   2: 0.111 ms/op
                 gc.alloc.rate:      1968.785 MB/sec
                 gc.alloc.rate.norm: 228709.918 B/op
                 gc.count:           7.000 counts
                 gc.time:            3.000 ms

Iteration   3: 0.110 ms/op
                 gc.alloc.rate:      1973.968 MB/sec
                 gc.alloc.rate.norm: 228637.236 B/op
                 gc.count:           6.000 counts
                 gc.time:            2.000 ms

Iteration   4: 0.110 ms/op
                 gc.alloc.rate:      1978.691 MB/sec
                 gc.alloc.rate.norm: 228667.390 B/op
                 gc.count:           7.000 counts
                 gc.time:            3.000 ms

Iteration   5: 0.110 ms/op
                 gc.alloc.rate:      1977.089 MB/sec
                 gc.alloc.rate.norm: 228748.045 B/op
                 gc.count:           6.000 counts
                 gc.time:            2.000 ms



Result "research.skew.AggregationBenchmark.parallelConcurrentAdder":
  0.110 ±(99.9%) 0.001 ms/op [Average]
  (min, avg, max) = (0.109, 0.110, 0.114), stdev = 0.001
  CI (99.9%): [0.109, 0.112] (assumes normal distribution)

Secondary result "research.skew.AggregationBenchmark.parallelConcurrentAdder:gc.alloc.rate":
  1978.794 ±(99.9%) 26.841 MB/sec [Average]
  (min, avg, max) = (1911.208, 1978.794, 2010.587), stdev = 25.107
  CI (99.9%): [1951.953, 2005.636] (assumes normal distribution)

Secondary result "research.skew.AggregationBenchmark.parallelConcurrentAdder:gc.alloc.rate.norm":
  228869.340 ±(99.9%) 413.300 B/op [Average]
  (min, avg, max) = (228377.225, 228869.340, 229562.048), stdev = 386.601
  CI (99.9%): [228456.040, 229282.640] (assumes normal distribution)

Secondary result "research.skew.AggregationBenchmark.parallelConcurrentAdder:gc.count":
  98.000 ±(99.9%) 0.001 counts [Sum]
  (min, avg, max) = (6.000, 6.533, 7.000), stdev = 0.516
  CI (99.9%): [98.000, 98.000] (assumes normal distribution)

Secondary result "research.skew.AggregationBenchmark.parallelConcurrentAdder:gc.time":
  39.000 ±(99.9%) 0.001 ms [Sum]
  (min, avg, max) = (2.000, 2.600, 3.000), stdev = 0.507
  CI (99.9%): [39.000, 39.000] (assumes normal distribution)


# JMH version: 1.37
# VM version: JDK 25.0.4.1, OpenJDK 64-Bit Server VM, 25.0.4.1+1-LTS
# VM invoker: /Users/jaehyeon/Library/Java/JavaVirtualMachines/temurin-25.0.4.1/Contents/Home/bin/java
# VM options: -Xms512m -Xmx512m -Djava.util.concurrent.ForkJoinPool.common.parallelism=3
# Blackhole mode: compiler (auto-detected, use -Djmh.blackhole.autoDetect=false to disable)
# Warmup: 5 iterations, 1 s each
# Measurement: 5 iterations, 1 s each
# Timeout: 10 min per iteration
# Threads: 1 thread, will synchronize iterations
# Benchmark mode: Average time, time/op
# Benchmark: research.skew.AggregationBenchmark.parallelConcurrentAdder
# Parameters: (cardinality = 256, distribution = uniform, seed = 20260929, size = 100000)

# Run progress: 11.11% complete, ETA 00:04:04
# Fork: 1 of 3
WARNING: A terminally deprecated method in sun.misc.Unsafe has been called
WARNING: sun.misc.Unsafe::objectFieldOffset has been called by org.openjdk.jmh.util.Utils (file:/Users/jaehyeon/Documents/Obsidian%20Vault/2026/04.%ed%98%b8%ec%84%9c%eb%8c%80%ed%95%99%ea%b5%90/11.%ec%b0%a8%ec%84%b8%eb%8c%80%ec%bb%b4%ed%93%a8%ed%8c%85%ed%95%99%ed%9a%8c%eb%85%bc%eb%ac%b8/JavaStream_%ed%82%a4%ed%8e%b8%ed%96%a5/.deps/jmh-core-1.37.jar)
WARNING: Please consider reporting this to the maintainers of class org.openjdk.jmh.util.Utils
WARNING: sun.misc.Unsafe::objectFieldOffset will be removed in a future release
# Warmup Iteration   1: Input: n=100000, keys=256, observedHotFraction=0.003910, poolParallelism=3, availableProcessors=10
0.838 ms/op
# Warmup Iteration   2: 0.782 ms/op
# Warmup Iteration   3: 0.789 ms/op
# Warmup Iteration   4: 0.793 ms/op
# Warmup Iteration   5: 0.795 ms/op
Iteration   1: 0.807 ms/op
                 gc.alloc.rate:      2105.236 MB/sec
                 gc.alloc.rate.norm: 1782021.950 B/op
                 gc.count:           7.000 counts
                 gc.time:            3.000 ms

Iteration   2: 0.917 ms/op
                 gc.alloc.rate:      1851.881 MB/sec
                 gc.alloc.rate.norm: 1780258.910 B/op
                 gc.count:           6.000 counts
                 gc.time:            2.000 ms

Iteration   3: 