WARNING: A terminally deprecated method in sun.misc.Unsafe has been called
WARNING: sun.misc.Unsafe::objectFieldOffset has been called by org.openjdk.jmh.util.Utils (file:/home/test/Workspaces/JavaWorkspace/JavaStream_KeySkew/.deps/jmh-core-1.37.jar)
WARNING: Please consider reporting this to the maintainers of class org.openjdk.jmh.util.Utils
WARNING: sun.misc.Unsafe::objectFieldOffset will be removed in a future release
# JMH version: 1.37
# VM version: JDK 25.0.4.1, OpenJDK 64-Bit Server VM, 25.0.4.1+1-LTS
# VM invoker: /home/test/jdk/jdk-25.0.4.1+1/bin/java
# VM options: -Xms512m -Xmx512m -Djava.util.concurrent.ForkJoinPool.common.parallelism=3
# Blackhole mode: compiler (auto-detected, use -Djmh.blackhole.autoDetect=false to disable)
# Warmup: 5 iterations, 1 s each
# Measurement: 5 iterations, 1 s each
# Timeout: 10 min per iteration
# Threads: 1 thread, will synchronize iterations
# Benchmark mode: Average time, time/op
# Benchmark: research.skew.AggregationBenchmark.parallelConcurrent
# Parameters: (cardinality = 256, distribution = uniform, seed = 20260930, size = 100000)

# Run progress: 0.00% complete, ETA 00:04:30
# Fork: 1 of 3
WARNING: A terminally deprecated method in sun.misc.Unsafe has been called
WARNING: sun.misc.Unsafe::objectFieldOffset has been called by org.openjdk.jmh.util.Utils (file:/home/test/Workspaces/JavaWorkspace/JavaStream_KeySkew/.deps/jmh-core-1.37.jar)
WARNING: Please consider reporting this to the maintainers of class org.openjdk.jmh.util.Utils
WARNING: sun.misc.Unsafe::objectFieldOffset will be removed in a future release
# Warmup Iteration   1: Input: n=100000, keys=256, observedHotFraction=0.003910, poolParallelism=3, availableProcessors=4
2.299 ms/op
# Warmup Iteration   2: 2.286 ms/op
# Warmup Iteration   3: 2.281 ms/op
# Warmup Iteration   4: 2.332 ms/op
# Warmup Iteration   5: 2.249 ms/op
Iteration   1: 2.342 ms/op
                 gc.alloc.rate:      663.181 MB/sec
                 gc.alloc.rate.norm: 1628786.318 B/op
                 gc.count:           2.000 counts
                 gc.time:            5.000 ms

Iteration   2: 2.339 ms/op
                 gc.alloc.rate:      663.315 MB/sec
                 gc.alloc.rate.norm: 1628739.152 B/op
                 gc.count:           3.000 counts
                 gc.time:            9.000 ms

Iteration   3: 2.350 ms/op
                 gc.alloc.rate:      660.681 MB/sec
                 gc.alloc.rate.norm: 1628424.657 B/op
                 gc.count:           2.000 counts
                 gc.time:            2.000 ms

Iteration   4: 2.339 ms/op
                 gc.alloc.rate:      663.925 MB/sec
                 gc.alloc.rate.norm: 1628506.523 B/op
                 gc.count:           2.000 counts
                 gc.time:            2.000 ms

Iteration   5: 2.337 ms/op
                 gc.alloc.rate:      664.509 MB/sec
                 gc.alloc.rate.norm: 1628509.072 B/op
                 gc.count:           2.000 counts
                 gc.time:            2.000 ms


# Run progress: 3.70% complete, ETA 00:04:31
# Fork: 2 of 3
WARNING: A terminally deprecated method in sun.misc.Unsafe has been called
WARNING: sun.misc.Unsafe::objectFieldOffset has been called by org.openjdk.jmh.util.Utils (file:/home/test/Workspaces/JavaWorkspace/JavaStream_KeySkew/.deps/jmh-core-1.37.jar)
WARNING: Please consider reporting this to the maintainers of class org.openjdk.jmh.util.Utils
WARNING: sun.misc.Unsafe::objectFieldOffset will be removed in a future release
# Warmup Iteration   1: Input: n=100000, keys=256, observedHotFraction=0.003910, poolParallelism=3, availableProcessors=4
2.275 ms/op
# Warmup Iteration   2: 2.305 ms/op
# Warmup Iteration   3: 2.405 ms/op
# Warmup Iteration   4: 2.398 ms/op
# Warmup Iteration   5: 2.319 ms/op
Iteration   1: 2.231 ms/op
                 gc.alloc.rate:      697.023 MB/sec
                 gc.alloc.rate.norm: 1631302.628 B/op
                 gc.count:           2.000 counts
                 gc.time:            6.000 ms

Iteration   2: 2.419 ms/op
                 gc.alloc.rate:      643.026 MB/sec
                 gc.alloc.rate.norm: 1631667.169 B/op
                 gc.count:           2.000 counts
                 gc.time:            7.000 ms

Iteration   3: 2.515 ms/op
                 gc.alloc.rate:      618.202 MB/sec
                 gc.alloc.rate.norm: 1630749.246 B/op
                 gc.count:           3.000 counts
                 gc.time:            4.000 ms

Iteration   4: 2.683 ms/op
                 gc.alloc.rate:      578.741 MB/sec
                 gc.alloc.rate.norm: 1628628.642 B/op
                 gc.count:           1.000 counts
                 gc.time:            1.000 ms

Iteration   5: 2.719 ms/op
                 gc.alloc.rate:      570.934 MB/sec
                 gc.alloc.rate.norm: 1628526.422 B/op
                 gc.count:           2.000 counts
                 gc.time:            1.000 ms


# Run progress: 7.41% complete, ETA 00:04:20
# Fork: 3 of 3
WARNING: A terminally deprecated method in sun.misc.Unsafe has been called
WARNING: sun.misc.Unsafe::objectFieldOffset has been called by org.openjdk.jmh.util.Utils (file:/home/test/Workspaces/JavaWorkspace/JavaStream_KeySkew/.deps/jmh-core-1.37.jar)
WARNING: Please consider reporting this to the maintainers of class org.openjdk.jmh.util.Utils
WARNING: sun.misc.Unsafe::objectFieldOffset will be removed in a future release
# Warmup Iteration   1: Input: n=100000, keys=256, observedHotFraction=0.003910, poolParallelism=3, availableProcessors=4
2.445 ms/op
# Warmup Iteration   2: 2.515 ms/op
# Warmup Iteration   3: 2.618 ms/op
# Warmup Iteration   4: 2.635 ms/op
# Warmup Iteration   5: 2.628 ms/op
Iteration   1: 2.605 ms/op
                 gc.alloc.rate:      596.305 MB/sec
                 gc.alloc.rate.norm: 1628972.509 B/op
                 gc.count:           2.000 counts
                 gc.time:            6.000 ms

Iteration   2: 2.659 ms/op
                 gc.alloc.rate:      583.857 MB/sec
                 gc.alloc.rate.norm: 1628448.297 B/op
                 gc.count:           2.000 counts
                 gc.time:            5.000 ms

Iteration   3: 2.642 ms/op
                 gc.alloc.rate:      587.727 MB/sec
                 gc.alloc.rate.norm: 1628592.926 B/op
                 gc.count:           2.000 counts
                 gc.time:            4.000 ms

Iteration   4: 